ARM Linker, RVCT4.0 [Build 524] for uVision [Standard]

==============================================================================

Section Cross References

    main.o(.text) refers (Special) to _printf_d.o(.ARM.Collect$$_printf_percent$$00000009) for _printf_d
    main.o(.text) refers (Special) to _printf_f.o(.ARM.Collect$$_printf_percent$$00000003) for _printf_f
    main.o(.text) refers (Special) to printf1.o(x$fpl$printf1) for _printf_fp_dec
    main.o(.text) refers (Special) to _printf_dec.o(.text) for _printf_int_dec
    main.o(.text) refers (Special) to _printf_percent.o(.ARM.Collect$$_printf_percent$$00000000) for _printf_percent
    main.o(.text) refers to os_time.o(.text) for OSTimeDlyHMSM
    main.o(.text) refers to os_sem.o(.text) for OSSemPend
    main.o(.text) refers to noretval__2printf.o(.text) for __2printf
    main.o(.text) refers to os_flag.o(.text) for OSFlagPost
    main.o(.text) refers to delay.o(.text) for delay_ms
    main.o(.text) refers to dht11.o(.text) for DHT11_Read_Data
    main.o(.text) refers to rt_memcpy_v6.o(.text) for __aeabi_memcpy
    main.o(.text) refers to fflt_clz.o(x$fpl$fflt) for __aeabi_i2f
    main.o(.text) refers to fdiv.o(x$fpl$fdiv) for __aeabi_fdiv
    main.o(.text) refers to fmul.o(x$fpl$fmul) for __aeabi_fmul
    main.o(.text) refers to f2d.o(x$fpl$f2d) for __aeabi_f2d
    main.o(.text) refers to feqf.o(x$fpl$feqf) for __aeabi_cfcmpeq
    main.o(.text) refers to daddsub_clz.o(x$fpl$dsub) for __aeabi_dsub
    main.o(.text) refers to dmul.o(x$fpl$dmul) for __aeabi_dmul
    main.o(.text) refers to dfix.o(x$fpl$dfix) for __aeabi_d2iz
    main.o(.text) refers to os_core.o(.text) for OSSchedLock
    main.o(.text) refers to tools.o(.text) for getTimeNow
    main.o(.text) refers to os_task.o(.text) for OSTaskStkChk
    main.o(.text) refers to os_cpu_a.o(.text) for OS_CPU_SR_Save
    main.o(.text) refers to sys.o(.text) for NVIC_Configuration
    main.o(.text) refers to led.o(.text) for LED_Init
    main.o(.text) refers to usart.o(.text) for uart_init
    main.o(.text) refers to main.o(.data) for sem_airpre
    main.o(.text) refers to usart.o(.bss) for stcAcc
    main.o(.text) refers to usart.o(.data) for accSize
    main.o(.text) refers to main.o(.bss) for LED1_TASK_STK
    main.o(.bss) refers (Special) to _printf_d.o(.ARM.Collect$$_printf_percent$$00000009) for _printf_d
    main.o(.bss) refers (Special) to _printf_f.o(.ARM.Collect$$_printf_percent$$00000003) for _printf_f
    main.o(.bss) refers (Special) to printf1.o(x$fpl$printf1) for _printf_fp_dec
    main.o(.bss) refers (Special) to _printf_dec.o(.text) for _printf_int_dec
    main.o(.bss) refers (Special) to _printf_percent.o(.ARM.Collect$$_printf_percent$$00000000) for _printf_percent
    main.o(.data) refers (Special) to _printf_d.o(.ARM.Collect$$_printf_percent$$00000009) for _printf_d
    main.o(.data) refers (Special) to _printf_f.o(.ARM.Collect$$_printf_percent$$00000003) for _printf_f
    main.o(.data) refers (Special) to printf1.o(x$fpl$printf1) for _printf_fp_dec
    main.o(.data) refers (Special) to _printf_dec.o(.text) for _printf_int_dec
    main.o(.data) refers (Special) to _printf_percent.o(.ARM.Collect$$_printf_percent$$00000000) for _printf_percent
    system_stm32f10x.o(.text) refers to system_stm32f10x.o(.data) for SystemCoreClock
    tools.o(.text) refers to os_time.o(.text) for OSTimeGet
    tools.o(.text) refers to tools.o(.bss) for now
    led.o(.text) refers to stm32f10x_rcc.o(.text) for RCC_APB2PeriphClockCmd
    led.o(.text) refers to stm32f10x_gpio.o(.text) for GPIO_Init
    dht11.o(.text) refers to delay.o(.text) for delay_us
    dht11.o(.text) refers to stm32f10x_rcc.o(.text) for RCC_APB2PeriphClockCmd
    dht11.o(.text) refers to stm32f10x_gpio.o(.text) for GPIO_Init
    delay.o(.text) refers to os_core.o(.text) for OSIntEnter
    delay.o(.text) refers to misc.o(.text) for SysTick_CLKSourceConfig
    delay.o(.text) refers to os_time.o(.text) for OSTimeDly
    delay.o(.text) refers to system_stm32f10x.o(.data) for SystemCoreClock
    delay.o(.text) refers to delay.o(.data) for .data
    delay.o(.text) refers to os_core.o(.data) for OSRunning
    sys.o(.text) refers to misc.o(.text) for NVIC_PriorityGroupConfig
    usart.o(.text) refers (Special) to use_no_semi_2.o(.text) for __use_no_semihosting
    usart.o(.text) refers to stm32f10x_rcc.o(.text) for RCC_APB2PeriphClockCmd
    usart.o(.text) refers to stm32f10x_gpio.o(.text) for GPIO_Init
    usart.o(.text) refers to misc.o(.text) for NVIC_Init
    usart.o(.text) refers to stm32f10x_usart.o(.text) for USART_Init
    usart.o(.text) refers to os_core.o(.text) for OSIntEnter
    usart.o(.text) refers to rt_memcpy_v6.o(.text) for __aeabi_memcpy
    usart.o(.text) refers to usart.o(.data) for USART_RX_STA
    usart.o(.text) refers to usart.o(.bss) for USART_RX_BUF
    usart.o(.bss) refers (Special) to use_no_semi_2.o(.text) for __use_no_semihosting
[...]
    ../../usenofp.s                          0x00000000   Number         0  usenofp.o ABSOLUTE
    ..\CORE\core_cm3.c                       0x00000000   Number         0  core_cm3.o ABSOLUTE
    ..\CORE\startup_stm32f10x_hd.s           0x00000000   Number         0  startup_stm32f10x_hd.o ABSOLUTE
    ..\HARDWARE\LED\led.c                    0x00000000   Number         0  led.o ABSOLUTE
    ..\STM32F10x_FWLib\src\misc.c            0x00000000   Number         0  misc.o ABSOLUTE
    ..\STM32F10x_FWLib\src\stm32f10x_fsmc.c  0x00000000   Number         0  stm32f10x_fsmc.o ABSOLUTE
    ..\STM32F10x_FWLib\src\stm32f10x_gpio.c  0x00000000   Number         0  stm32f10x_gpio.o ABSOLUTE
    ..\STM32F10x_FWLib\src\stm32f10x_rcc.c   0x00000000   Number         0  stm32f10x_rcc.o ABSOLUTE
    ..\STM32F10x_FWLib\src\stm32f10x_usart.c 0x00000000   Number         0  stm32f10x_usart.o ABSOLUTE
    ..\SYSTEM\delay\delay.c                  0x00000000   Number         0  delay.o ABSOLUTE
    ..\SYSTEM\sys\sys.c                      0x00000000   Number         0  sys.o ABSOLUTE
    ..\SYSTEM\usart\usart.c                  0x00000000   Number         0  usart.o ABSOLUTE
    ..\UCOSII\CORE\os_core.c                 0x00000000   Number         0  os_core.o ABSOLUTE
    ..\UCOSII\CORE\os_flag.c                 0x00000000   Number         0  os_flag.o ABSOLUTE
    ..\UCOSII\CORE\os_mbox.c                 0x00000000   Number         0  os_mbox.o ABSOLUTE
    ..\UCOSII\CORE\os_mem.c                  0x00000000   Number         0  os_mem.o ABSOLUTE
    ..\UCOSII\CORE\os_mutex.c                0x00000000   Number         0  os_mutex.o ABSOLUTE
    ..\UCOSII\CORE\os_q.c                    0x00000000   Number         0  os_q.o ABSOLUTE
    ..\UCOSII\CORE\os_sem.c                  0x00000000   Number         0  os_sem.o ABSOLUTE
    ..\UCOSII\CORE\os_task.c                 0x00000000   Number         0  os_task.o ABSOLUTE
    ..\UCOSII\CORE\os_time.c                 0x00000000   Number         0  os_time.o ABSOLUTE
    ..\UCOSII\CORE\os_tmr.c                  0x00000000   Number         0  os_tmr.o ABSOLUTE
    ..\UCOSII\PORT\os_cpu_a.asm              0x00000000   Number         0  os_cpu_a.o ABSOLUTE
    ..\UCOSII\PORT\os_cpu_c.c                0x00000000   Number         0  os_cpu_c.o ABSOLUTE
    ..\UCOSII\PORT\os_dbg.c                  0x00000000   Number         0  os_dbg.o ABSOLUTE
    ..\\CORE\\core_cm3.c                     0x00000000   Number         0  core_cm3.o ABSOLUTE
    dc.s                                     0x00000000   Number         0  dc.o ABSOLUTE
    dht11.c                                  0x00000000   Number         0  dht11.o ABSOLUTE
    main.c                                   0x00000000   Number         0  main.o ABSOLUTE
    stm32f10x_it.c                           0x00000000   Number         0  stm32f10x_it.o ABSOLUTE
    system_stm32f10x.c                       0x00000000   Number         0  system_stm32f10x.o ABSOLUTE
    tools.c                                  0x00000000   Number         0  tools.o ABSOLUTE
    RESET                                    0x08000000   Section      304  startup_stm32f10x_hd.o(RESET)
    !!!main                                  0x08000130   Section        8  __main.o(!!!main)
    !!!scatter                               0x08000138   Section       52  __scatter.o(!!!scatter)
    !!handler_copy                           0x0800016c   Section       26  __scatter_copy.o(!!handler_copy)
    !!handler_zi                             0x08000188   Section       28  __scatter_zi.o(!!handler_zi)
    .ARM.Collect$$_printf_percent$$00000000  0x080001a4   Section        0  _printf_percent.o(.ARM.Collect$$_printf_percent$$00000000)
    .ARM.Collect$$_printf_percent$$00000003  0x080001a4   Section        6  _printf_f.o(.ARM.Collect$$_printf_percent$$00000003)
    .ARM.Collect$$_printf_percent$$00000009  0x080001aa   Section        6  _printf_d.o(.ARM.Collect$$_printf_percent$$00000009)
    .ARM.Collect$$_printf_percent$$00000017  0x080001b0   Section        4  _printf_percent_end.o(.ARM.Collect$$_printf_percent$$00000017)
    .ARM.Collect$$libinit$$00000000          0x080001b4   Section        6  libinit.o(.ARM.Collect$$libinit$$00000000)
    .ARM.Collect$$libinit$$00000006          0x080001ba   Section        0  libinit2.o(.ARM.Collect$$libinit$$00000006)
    .ARM.Collect$$libinit$$00000008          0x080001ba   Section        0  libinit2.o(.ARM.Collect$$libinit$$00000008)
    .ARM.Collect$$libinit$$0000000A          0x080001ba   Section        0  libinit2.o(.ARM.Collect$$libinit$$0000000A)
    .ARM.Collect$$libinit$$0000000B          0x080001ba   Section        6  libinit2.o(.ARM.Collect$$libinit$$0000000B)
    .ARM.Collect$$libinit$$0000000D          0x080001c0   Section        0  libinit2.o(.ARM.Collect$$libinit$$0000000D)
    .ARM.Collect$$libinit$$0000000F          0x080001c0   Section        0  libinit2.o(.ARM.Collect$$libinit$$0000000F)
    .ARM.Collect$$libinit$$00000011          0x080001c0   Section        0  libinit2.o(.ARM.Collect$$libinit$$00000011)
    .ARM.Collect$$libinit$$00000012          0x080001c0   Section       10  libinit2.o(.ARM.Collect$$libinit$$00000012)
    .ARM.Collect$$libinit$$00000013          0x080001ca   Section        0  libinit2.o(.ARM.Collect$$libinit$$00000013)
    .ARM.Collect$$libinit$$00000015          0x080001ca   Section        0  libinit2.o(.ARM.Collect$$libinit$$00000015)
    .ARM.Collect$$libinit$$00000017          0x080001ca   Section        0  libinit2.o(.ARM.Collect$$libinit$$00000017)
    .ARM.Collect$$libinit$$00000019          0x080001ca   Section        0  libinit2.o(.ARM.Collect$$libinit$$00000019)
    .ARM.Collect$$libinit$$0000001B          0x080001ca   Section        0  libinit2.o(.ARM.Collect$$libinit$$0000001B)
    .ARM.Collect$$libinit$$0000001D          0x080001ca   Section        0  libinit2.o(.ARM.Collect$$libinit$$0000001D)
    .ARM.Collect$$libinit$$0000001F          0x080001ca   Section        0  libinit2.o(.ARM.Collect$$libinit$$0000001F)
    .ARM.Collect$$libinit$$00000021          0x080001ca   Section        0  libinit2.o(.ARM.Collect$$libinit$$00000021)
    .ARM.Collect$$libinit$$00000028          0x080001ca   Section        0  libinit2.o(.ARM.Collect$$libinit$$00000028)
    .ARM.Collect$$libinit$$0000002A          0x080001ca   Section        0  libinit2.o(.ARM.Collect$$libinit$$0000002A)
    .ARM.Collect$$libinit$$0000002C          0x080001ca   Section        0  libinit2.o(.ARM.Collect$$libinit$$0000002C)
    .ARM.Collect$$libinit$$0000002E          0x080001ca   Section        0  libinit2.o(.ARM.Collect$$libinit$$0000002E)
    .ARM.Collect$$libinit$$0000002F          0x080001ca   Section        2  libinit2.o(.ARM.Collect$$libinit$$0000002F)
    .ARM.Collect$$libshutdown$$00000000      0x080001cc   Section        2  libshutdown.o(.ARM.Collect$$libshutdown$$00000000)
    .ARM.Collect$$libshutdown$$00000003      0x080001ce   Section        0  libshutdown2.o(.ARM.Collect$$libshutdown$$00000003)
    .ARM.Collect$$libshutdown$$00000006      0x080001ce   Section        0  libshutdown2.o(.ARM.Collect$$libshutdown$$00000006)
    .ARM.Collect$$libshutdown$$00000009      0x080001ce   Section        0  libshutdown2.o(.ARM.Collect$$libshutdown$$00000009)
    .ARM.Collect$$libshutdown$$0000000B      0x080001ce   Section        0  libshutdown2.o(.ARM.Collect$$libshutdown$$0000000B)
    .ARM.Collect$$libshutdown$$0000000E      0x080001ce   Section        0  libshutdown2.o(.ARM.Collect$$libshutdown$$0000000E)
    .ARM.Collect$$libshutdown$$0000000F      0x080001ce   Section        2  libshutdown2.o(.ARM.Collect$$libshutdown$$0000000F)
    .ARM.Collect$$rtentry$$00000000          0x080001d0   Section        0  rtentry.o(.ARM.Collect$$rtentry$$00000000)
    .ARM.Collect$$rtentry$$00000002          0x080001d0   Section        0  rtentry2.o(.ARM.Collect$$rtentry$$00000002)
    .ARM.Collect$$rtentry$$00000004          0x080001d0   Section        6  rtentry4.o(.ARM.Collect$$rtentry$$00000004)
    .ARM.Collect$$rtentry$$00000009          0x080001d6   Section        0  rtentry2.o(.ARM.Collect$$rtentry$$00000009)
    .ARM.Collect$$rtentry$$0000000A          0x080001d6   Section        4  rtentry2.o(.ARM.Collect$$rtentry$$0000000A)
    .ARM.Collect$$rtentry$$0000000C          0x080001da   Section        0  rtentry2.o(.ARM.Collect$$rtentry$$0000000C)
    .ARM.Collect$$rtentry$$0000000D          0x080001da   Section        8  rtentry2.o(.ARM.Collect$$rtentry$$0000000D)
    .ARM.Collect$$rtexit$$00000000           0x080001e2   Section        0  rtexit.o(.ARM.Collect$$rtexit$$00000000)
    .ARM.Collect$$rtexit$$00000002           0x080001e2   Section        0  rtexit2.o(.ARM.Collect$$rtexit$$00000002)
    .ARM.Collect$$rtexit$$00000003           0x080001e2   Section        4  rtexit2.o(.ARM.Collect$$rtexit$$00000003)
    .ARM.Collect$$rtexit$$00000004           0x080001e6   Section        4  rtexit2.o(.ARM.Collect$$rtexit$$00000004)
    .text                                    0x080001ec   Section     1188  main.o(.text)
    .text                                    0x08000690   Section      456  system_stm32f10x.o(.text)
    SetSysClockTo72                          0x08000691   Thumb Code   192  system_stm32f10x.o(.text)
    SetSysClock                              0x08000751   Thumb Code     8  system_stm32f10x.o(.text)
    .text                                    0x08000858   Section       22  stm32f10x_it.o(.text)
    .text                                    0x08000870   Section      232  tools.o(.text)
    .text                                    0x08000958   Section       76  led.o(.text)
    .text                                    0x080009a4   Section      436  dht11.o(.text)
    .text                                    0x08000b58   Section      248  delay.o(.text)
    .text                                    0x08000c50   Section       12  sys.o(.text)
    .text                                    0x08000c5c   Section      844  usart.o(.text)
    .text                                    0x08000fa8   Section       64  startup_stm32f10x_hd.o(.text)
    .text                                    0x08000fe8   Section      224  misc.o(.text)
    .text                                    0x080010c8   Section      840  stm32f10x_gpio.o(.text)
    .text                                    0x08001410   Section      912  stm32f10x_rcc.o(.text)
    .text                                    0x080017a0   Section     1032  stm32f10x_usart.o(.text)
    .text                                    0x08001ba8   Section     2288  os_core.o(.text)
    OS_InitTaskStat                          0x08001c55   Thumb Code    56  os_core.o(.text)
    OS_InitTaskIdle                          0x08001cb1   Thumb Code    56  os_core.o(.text)
    OS_InitEventList                         0x08001cfb   Thumb Code    74  os_core.o(.text)
    OS_InitTCBList                           0x08001d45   Thumb Code   106  os_core.o(.text)
    OS_InitRdyList                           0x08001daf   Thumb Code    44  os_core.o(.text)
    OS_InitMisc                              0x08001ddb   Thumb Code    44  os_core.o(.text)
    OS_SchedNew                              0x08001e4f   Thumb Code    26  os_core.o(.text)
    .text                                    0x08002498   Section     2176  os_flag.o(.text)
    OS_FlagTaskRdy                           0x08002627   Thumb Code    82  os_flag.o(.text)
    OS_FlagBlock                             0x080027d9   Thumb Code   166  os_flag.o(.text)
    .text                                    0x08002d18   Section     1524  os_q.o(.text)
    .text                                    0x0800330c   Section      896  os_sem.o(.text)
    .text                                    0x0800368c   Section     2044  os_task.o(.text)
    .text                                    0x08003e88   Section      436  os_time.o(.text)
    .text                                    0x0800403c   Section      180  os_cpu_a.o(.text)
    .text                                    0x080040f0   Section      174  os_cpu_c.o(.text)
    .text                                    0x0800419e   Section        2  use_no_semi_2.o(.text)
    .text                                    0x080041a0   Section       32  noretval__2printf.o(.text)
    .text                                    0x080041c0   Section      112  _printf_dec.o(.text)
    .text                                    0x08004230   Section      288  __printf_wp.o(.text)
    .text                                    0x08004350   Section      140  rt_memcpy_v6.o(.text)
    .text                                    0x080043dc   Section        6  heapauxi.o(.text)
    .text                                    0x080043e2   Section        2  use_no_semi.o(.text)
    .text                                    0x080043e4   Section      174  _printf_intcommon.o(.text)
    .text                                    0x08004492   Section     1096  _printf_fp_dec.o(.text)
    _fp_digits                               0x08004495   Thumb Code   486  _printf_fp_dec.o(.text)
    .text                                    0x080048dc   Section       48  _printf_char_common.o(.text)
    _printf_input_char                       0x080048dd   Thumb Code    10  _printf_char_common.o(.text)
    .text                                    0x0800490c   Section      100  rt_memcpy_w.o(.text)
    .text                                    0x08004970   Section       16  rtudiv10.o(.text)
    .text                                    0x08004980   Section       12  rt_locale_intlibspace.o(.text)
    .text                                    0x0800498c   Section      138  lludiv10.o(.text)
    .text                                    0x08004a18   Section      124  _printf_fp_infnan.o(.text)
    .text                                    0x08004a94   Section      208  bigflt0.o(.text)
    .text                                    0x08004b64   Section        8  libspace.o(.text)
    .text                                    0x08004b6c   Section       74  sys_stackheap_outer.o(.text)
    .text                                    0x08004bb6   Section       12  exit.o(.text)
    .text                                    0x08004bc4   Section      128  strcmpv7m.o(.text)
    CL$$btod_d2e                             0x08004c44   Section       62  btod.o(CL$$btod_d2e)
    CL$$btod_d2e_denorm_low                  0x08004c82   Section       70  btod.o(CL$$btod_d2e_denorm_low)
    CL$$btod_d2e_norm_op1                    0x08004cc8   Section       96  btod.o(CL$$btod_d2e_norm_op1)
    CL$$btod_div_common                      0x08004d28   Section      824  btod.o(CL$$btod_div_common)
    CL$$btod_e2e                             0x08005060   Section      198  btod.o(CL$$btod_e2e)
    CL$$btod_ediv                            0x08005126   Section       40  btod.o(CL$$btod_ediv)
    CL$$btod_emul                            0x0800514e   Section       40  btod.o(CL$$btod_emul)
    CL$$btod_mult_common                     0x08005176   Section      580  btod.o(CL$$btod_mult_common)
    i.__ARM_fpclassify                       0x080053ba   Section       40  fpclassify.o(i.__ARM_fpclassify)
    locale$$code                             0x080053e4   Section       44  lc_numeric_c.o(locale$$code)
    x$fpl$dadd                               0x08005410   Section      440  daddsub_clz.o(x$fpl$dadd)
    _dadd1                                   0x08005421   Thumb Code     0  daddsub_clz.o(x$fpl$dadd)
    x$fpl$dcheck                             0x080055c8   Section       16  dcheck.o(x$fpl$dcheck)
    x$fpl$dcheck1                            0x080055d8   Section       16  dcheck1.o(x$fpl$dcheck1)
    x$fpl$dcmpinfnan                         0x080055e8   Section       88  fcmpin.o(x$fpl$dcmpinfnan)
    x$fpl$dfix                               0x08005640   Section      156  dfix.o(x$fpl$dfix)
    x$fpl$dflt                               0x080056dc   Section       44  dflt_clz.o(x$fpl$dflt)
    x$fpl$dmul                               0x08005708   Section      456  dmul.o(x$fpl$dmul)
    x$fpl$dsub                               0x080058d0   Section      584  daddsub_clz.o(x$fpl$dsub)
    _dsub1                                   0x080058e1   Thumb Code     0  daddsub_clz.o(x$fpl$dsub)
    x$fpl$dunder                             0x08005b18   Section      236  dunder.o(x$fpl$dunder)
    x$fpl$f2d                                0x08005c04   Section       80  f2d.o(x$fpl$f2d)
    x$fpl$fcheck                             0x08005c54   Section       12  fcheck.o(x$fpl$fcheck)
    x$fpl$fcheck1                            0x08005c60   Section       12  fcheck1.o(x$fpl$fcheck1)
    x$fpl$fdiv                               0x08005c6c   Section      484  fdiv.o(x$fpl$fdiv)
    _fdiv1                                   0x08005c6d   Thumb Code     0  fdiv.o(x$fpl$fdiv)
    x$fpl$feqf                               0x08005e50   Section       96  feqf.o(x$fpl$feqf)
    x$fpl$fflt                               0x08005eb0   Section       50  fflt_clz.o(x$fpl$fflt)
    x$fpl$fmul                               0x08005ee4   Section      264  fmul.o(x$fpl$fmul)
    x$fpl$fnorm2                             0x08005fec   Section       74  fnorm2_clz.o(x$fpl$fnorm2)
    x$fpl$funder                             0x08006036   Section      134  funder.o(x$fpl$funder)
    x$fpl$printf1                            0x080060bc   Section        4  printf1.o(x$fpl$printf1)
    x$fpl$retnan                             0x080060c0   Section      100  retnan.o(x$fpl$retnan)
    x$fpl$trapveneer                         0x08006124   Section       48  trapv.o(x$fpl$trapveneer)
    .constdata                               0x08006154   Section      256  os_core.o(.constdata)
    x$fpl$usenofp                            0x08006154   Section        0  usenofp.o(x$fpl$usenofp)
    .constdata                               0x08006254   Section      148  bigflt0.o(.constdata)
    tenpwrs_x                                0x08006254   Data          60  bigflt0.o(.constdata)
    tenpwrs_i                                0x08006290   Data          64  bigflt0.o(.constdata)
    locale$$data                             0x08006308   Section       28  lc_numeric_c.o(locale$$data)
    __lcnum_c_name                           0x0800630c   Data           2  lc_numeric_c.o(locale$$data)
    __lcnum_c_start                          0x08006314   Data           0  lc_numeric_c.o(locale$$data)
    __lcnum_c_point                          0x08006320   Data           0  lc_numeric_c.o(locale$$data)
    __lcnum_c_thousands                      0x08006322   Data           0  lc_numeric_c.o(locale$$data)
    __lcnum_c_grouping                       0x08006323   Data           0  lc_numeric_c.o(locale$$data)
    __lcnum_c_end                            0x08006324   Data           0  lc_numeric_c.o(locale$$data)
    .data                                    0x20000000   Section       16  main.o(.data)
    .data                                    0x20000010   Section       20  system_stm32f10x.o(.data)
    .data                                    0x20000024   Section        4  delay.o(.data)
    fac_us                                   0x20000024   Data           1  delay.o(.data)
    fac_ms                                   0x20000026   Data           2  delay.o(.data)
    .data                                    0x20000028   Section       44  usart.o(.data)
    gyroSize                                 0x2000002c   Data           4  usart.o(.data)
    angleSize                                0x20000030   Data           4  usart.o(.data)
    ucRxCnt                                  0x2000003a   Data           1  usart.o(.data)
    .data                                    0x20000054   Section       20  stm32f10x_rcc.o(.data)
    APBAHBPrescTable                         0x20000054   Data          16  stm32f10x_rcc.o(.data)
    ADCPrescTable                            0x20000064   Data           4  stm32f10x_rcc.o(.data)
    .data                                    0x20000068   Section       72  os_core.o(.data)
    .bss                                     0x200000b0   Section     3584  main.o(.bss)
    .bss                                     0x20000eb0   Section       14  tools.o(.bss)
    .bss                                     0x20000ebe   Section     1561  usart.o(.bss)
    ucRxBuffer                               0x20000ebe   Data         250  usart.o(.bss)
    .bss                                     0x200014d8   Section     2688  os_core.o(.bss)
    .bss                                     0x20001f58   Section       96  libspace.o(.bss)
    HEAP                                     0x20001fb8   Section      512  startup_stm32f10x_hd.o(HEAP)
    Heap_Mem                                 0x20001fb8   Data         512  startup_stm32f10x_hd.o(HEAP)
    STACK                                    0x200021b8   Section     1024  startup_stm32f10x_hd.o(STACK)
    Stack_Mem                                0x200021b8   Data        1024  startup_stm32f10x_hd.o(STACK)
    __initial_sp                             0x200025b8   Data           0  startup_stm32f10x_hd.o(STACK)

    Global Symbols

    Symbol Name                              Value     Ov Type        Size  Object(Section)

    BuildAttributes$$THM_ISAv4$P$D$K$B$S$PE$A:L22UL41UL21$X:L11$S22US41US21$IEEE1$IW$USESV6$~STKCKD$USESV7$~SHL$OSPACE$ROPI$IEEEJ$EBA8$UX$STANDARDLIB$REQ8$PRES8$EABIv2 0x00000000   Number         0  anon$$obj.o ABSOLUTE
    __ARM_use_no_argv                        0x00000000   Number         0  main.o ABSOLUTE
    _printf_flags                            0x00000000   Number         0  printf_stubs.o ABSOLUTE
    _printf_return_value                     0x00000000   Number         0  printf_stubs.o ABSOLUTE
    _printf_sizespec                         0x00000000   Number         0  printf_stubs.o ABSOLUTE
    _printf_widthprec                        0x00000000   Number         0  printf_stubs.o ABSOLUTE
    __ARM_exceptions_init                     - Undefined Weak Reference
    __alloca_initialize                       - Undefined Weak Reference
    __cpp_initialize__aeabi_                  - Undefined Weak Reference
    __cxa_finalize                            - Undefined Weak Reference
    __fpl_infinity                            - Undefined Weak Reference
    __sigvec_lookup                           - Undefined Weak Reference
    _atexit_init                              - Undefined Weak Reference
    _call_atexit_fns                          - Undefined Weak Reference
    _clock_init                               - Undefined Weak Reference
    _fp_trap_init                             - Undefined Weak Reference
    _fp_trap_shutdown                         - Undefined Weak Reference
    _get_lc_collate                           - Undefined Weak Reference
    _get_lc_ctype                             - Undefined Weak Reference
    _get_lc_monetary                          - Undefined Weak Reference
    _get_lc_time                              - Undefined Weak Reference
    _getenv_init                              - Undefined Weak Reference
    _handle_redirection                       - Undefined Weak Reference
    _init_alloc                               - Undefined Weak Reference
    _init_user_alloc                          - Undefined Weak Reference
    _initio                                   - Undefined Weak Reference
    _mutex_acquire                            - Undefined Weak Reference
    _mutex_release                            - Undefined Weak Reference
    _printf_post_padding                      - Undefined Weak Reference
    _printf_pre_padding                       - Undefined Weak Reference
    _printf_truncate_signed                   - Undefined Weak Reference
    _printf_truncate_unsigned                 - Undefined Weak Reference
    _rand_init                                - Undefined Weak Reference
    _signal_finish                            - Undefined Weak Reference
    _signal_init                              - Undefined Weak Reference
    _terminate_alloc                          - Undefined Weak Reference
    _terminate_user_alloc                     - Undefined Weak Reference
    _terminateio                              - Undefined Weak Reference
    __Vectors_Size                           0x00000130   Number         0  startup_stm32f10x_hd.o ABSOLUTE
    __Vectors                                0x08000000   Data           4  startup_stm32f10x_hd.o(RESET)
    __Vectors_End                            0x08000130   Data           0  startup_stm32f10x_hd.o(RESET)
    __main                                   0x08000131   Thumb Code     8  __main.o(!!!main)
    __scatterload                            0x08000139   Thumb Code     0  __scatter.o(!!!scatter)
    __scatterload_rt2                        0x08000139   Thumb Code    44  __scatter.o(!!!scatter)
    __scatterload_rt2_thumb_only             0x08000139   Thumb Code     0  __scatter.o(!!!scatter)
    __scatterload_null                       0x08000147   Thumb Code     0  __scatter.o(!!!scatter)
    __scatterload_copy                       0x0800016d   Thumb Code    26  __scatter_copy.o(!!handler_copy)
    __scatterload_zeroinit                   0x08000189   Thumb Code    28  __scatter_zi.o(!!handler_zi)
    _printf_f                                0x080001a5   Thumb Code     0  _printf_f.o(.ARM.Collect$$_printf_percent$$00000003)
    _printf_percent                          0x080001a5   Thumb Code     0  _printf_percent.o(.ARM.Collect$$_printf_percent$$00000000)
    _printf_d                                0x080001ab   Thumb Code     0  _printf_d.o(.ARM.Collect$$_printf_percent$$00000009)
    _printf_percent_end                      0x080001b1   Thumb Code     0  _printf_percent_end.o(.ARM.Collect$$_printf_percent$$00000017)
    __rt_lib_init                            0x080001b5   Thumb Code     0  libinit.o(.ARM.Collect$$libinit$$00000000)
    __rt_lib_init_heap_1                     0x080001bb   Thumb Code     0  libinit2.o(.ARM.Collect$$libinit$$00000006)
    __rt_lib_init_lc_common                  0x080001bb   Thumb Code     0  libinit2.o(.ARM.Collect$$libinit$$0000000B)
    __rt_lib_init_rand_1                     0x080001bb   Thumb Code     0  libinit2.o(.ARM.Collect$$libinit$$0000000A)
    __rt_lib_init_user_alloc_1               0x080001bb   Thumb Code     0  libinit2.o(.ARM.Collect$$libinit$$00000008)
    __rt_lib_init_lc_collate_1               0x080001c1   Thumb Code     0  libinit2.o(.ARM.Collect$$libinit$$0000000D)
    __rt_lib_init_lc_ctype_1                 0x080001c1   Thumb Code     0  libinit2.o(.ARM.Collect$$libinit$$0000000F)
    __rt_lib_init_lc_monetary_1              0x080001c1   Thumb Code     0  libinit2.o(.ARM.Collect$$libinit$$00000011)
    __rt_lib_init_lc_numeric_2               0x080001c1   Thumb Code     0  libinit2.o(.ARM.Collect$$libinit$$00000012)
    __rt_lib_init_alloca_1                   0x080001cb   Thumb Code     0  libinit2.o(.ARM.Collect$$libinit$$0000002A)
    __rt_lib_init_argv_1                     0x080001cb   Thumb Code     0  libinit2.o(.ARM.Collect$$libinit$$00000028)
    __rt_lib_init_atexit_1                   0x080001cb   Thumb Code     0  libinit2.o(.ARM.Collect$$libinit$$00000017)
    __rt_lib_init_clock_1                    0x080001cb   Thumb Code     0  libinit2.o(.ARM.Collect$$libinit$$0000001D)
    __rt_lib_init_cpp_1                      0x080001cb   Thumb Code     0  libinit2.o(.ARM.Collect$$libinit$$0000002E)
    __rt_lib_init_exceptions_1               0x080001cb   Thumb Code     0  libinit2.o(.ARM.Collect$$libinit$$0000002C)
    __rt_lib_init_fp_trap_1                  0x080001cb   Thumb Code     0  libinit2.o(.ARM.Collect$$libinit$$0000001B)
    __rt_lib_init_getenv_1                   0x080001cb   Thumb Code     0  libinit2.o(.ARM.Collect$$libinit$$0000001F)
    __rt_lib_init_lc_numeric_1               0x080001cb   Thumb Code     0  libinit2.o(.ARM.Collect$$libinit$$00000013)
    __rt_lib_init_lc_time_1                  0x080001cb   Thumb Code     0  libinit2.o(.ARM.Collect$$libinit$$00000015)
    __rt_lib_init_return                     0x080001cb   Thumb Code     0  libinit2.o(.ARM.Collect$$libinit$$0000002F)
    __rt_lib_init_signal_1                   0x080001cb   Thumb Code     0  libinit2.o(.ARM.Collect$$libinit$$00000019)
    __rt_lib_init_stdio_1                    0x080001cb   Thumb Code     0  libinit2.o(.ARM.Collect$$libinit$$00000021)
    __rt_lib_shutdown                        0x080001cd   Thumb Code     0  libshutdown.o(.ARM.Collect$$libshutdown$$00000000)
    __rt_lib_shutdown_fp_trap_1              0x080001cf   Thumb Code     0  libshutdown2.o(.ARM.Collect$$libshutdown$$00000006)
    __rt_lib_shutdown_heap_1                 0x080001cf   Thumb Code     0  libshutdown2.o(.ARM.Collect$$libshutdown$$0000000E)
    __rt_lib_shutdown_return                 0x080001cf   Thumb Code     0  libshutdown2.o(.ARM.Collect$$libshutdown$$0000000F)
    __rt_lib_shutdown_signal_1               0x080001cf   Thumb Code     0  libshutdown2.o(.ARM.Collect$$libshutdown$$00000009)
    __rt_lib_shutdown_stdio_1                0x080001cf   Thumb Code     0  libshutdown2.o(.ARM.Collect$$libshutdown$$00000003)
    __rt_lib_shutdown_user_alloc_1           0x080001cf   Thumb Code     0  libshutdown2.o(.ARM.Collect$$libshutdown$$0000000B)
    __rt_entry                               0x080001d1   Thumb Code     0  rtentry.o(.ARM.Collect$$rtentry$$00000000)
    __rt_entry_presh_1                       0x080001d1   Thumb Code     0  rtentry2.o(.ARM.Collect$$rtentry$$00000002)
    __rt_entry_sh                            0x080001d1   Thumb Code     0  rtentry4.o(.ARM.Collect$$rtentry$$00000004)
    __rt_entry_li                            0x080001d7   Thumb Code     0  rtentry2.o(.ARM.Collect$$rtentry$$0000000A)
    __rt_entry_postsh_1                      0x080001d7   Thumb Code     0  rtentry2.o(.ARM.Collect$$rtentry$$00000009)
    __rt_entry_main                          0x080001db   Thumb Code     0  rtentry2.o(.ARM.Collect$$rtentry$$0000000D)
    __rt_entry_postli_1                      0x080001db   Thumb Code     0  rtentry2.o(.ARM.Collect$$rtentry$$0000000C)
    __rt_exit                                0x080001e3   Thumb Code     0  rtexit.o(.ARM.Collect$$rtexit$$00000000)
    __rt_exit_ls                             0x080001e3   Thumb Code     0  rtexit2.o(.ARM.Collect$$rtexit$$00000003)
    __rt_exit_prels_1                        0x080001e3   Thumb Code     0  rtexit2.o(.ARM.Collect$$rtexit$$00000002)
    __rt_exit_exit                           0x080001e7   Thumb Code     0  rtexit2.o(.ARM.Collect$$rtexit$$00000004)
    gprsdelay_task                           0x080001ed   Thumb Code    22  main.o(.text)
    airpre_task                              0x08000203   Thumb Code    44  main.o(.text)
    noise_task                               0x0800022f   Thumb Code    26  main.o(.text)
    temphumi_task                            0x08000249   Thumb Code    46  main.o(.text)
    print_task                               0x08000277   Thumb Code   322  main.o(.text)
    gprs_task                                0x080003b9   Thumb Code   108  main.o(.text)
    start_task                               0x08000425   Thumb Code   248  main.o(.text)
    main                                     0x0800051d   Thumb Code    72  main.o(.text)
    SystemInit                               0x08000759   Thumb Code    78  system_stm32f10x.o(.text)
    SystemCoreClockUpdate                    0x080007a7   Thumb Code   142  system_stm32f10x.o(.text)
    NMI_Handler                              0x08000859   Thumb Code     2  stm32f10x_it.o(.text)
    HardFault_Handler                        0x0800085b   Thumb Code     4  stm32f10x_it.o(.text)
    MemManage_Handler                        0x0800085f   Thumb Code     4  stm32f10x_it.o(.text)
    BusFault_Handler                         0x08000863   Thumb Code     4  stm32f10x_it.o(.text)
    UsageFault_Handler                       0x08000867   Thumb Code     4  stm32f10x_it.o(.text)
    SVC_Handler                              0x0800086b   Thumb Code     2  stm32f10x_it.o(.text)
    DebugMon_Handler                         0x0800086d   Thumb Code     2  stm32f10x_it.o(.text)
    timeStructInit                           0x08000871   Thumb Code    34  tools.o(.text)
    getTimeNow                               0x08000893   Thumb Code   192  tools.o(.text)
    LED_Init                                 0x08000959   Thumb Code    68  led.o(.text)
    DHT11_Rst                                0x080009a5   Thumb Code    60  dht11.o(.text)
    DHT11_Check                              0x080009e1   Thumb Code   102  dht11.o(.text)
    DHT11_Read_Bit                           0x08000a47   Thumb Code    76  dht11.o(.text)
    DHT11_Read_Byte                          0x08000a93   Thumb Code    30  dht11.o(.text)
    DHT11_Read_Data                          0x08000ab1   Thumb Code    88  dht11.o(.text)
    DHT11_Init                               0x08000b09   Thumb Code    62  dht11.o(.text)
    SysTick_Handler                          0x08000b59   Thumb Code    16  delay.o(.text)
    delay_init                               0x08000b69   Thumb Code    78  delay.o(.text)
    delay_us                                 0x08000bb7   Thumb Code    68  delay.o(.text)
    delay_ms                                 0x08000bfb   Thumb Code    68  delay.o(.text)
    NVIC_Configuration                       0x08000c51   Thumb Code    12  sys.o(.text)
    _sys_exit                                0x08000c5d   Thumb Code     6  usart.o(.text)
    fputc                                    0x08000c63   Thumb Code    22  usart.o(.text)
    uart_init                                0x08000c79   Thumb Code   152  usart.o(.text)
    USART1_IRQHandler                        0x08000d11   Thumb Code   132  usart.o(.text)
    uart_init3                               0x08000d95   Thumb Code   164  usart.o(.text)
    CopeSerial3Data                          0x08000e39   Thumb Code   262  usart.o(.text)
    USART3_IRQHandler                        0x08000f3f   Thumb Code    46  usart.o(.text)
    Reset_Handler                            0x08000fa9   Thumb Code     8  startup_stm32f10x_hd.o(.text)
    ADC1_2_IRQHandler                        0x08000fc3   Thumb Code     0  startup_stm32f10x_hd.o(.text)
    ADC3_IRQHandler                          0x08000fc3   Thumb Code     0  startup_stm32f10x_hd.o(.text)
    CAN1_RX1_IRQHandler                      0x08000fc3   Thumb Code     0  startup_stm32f10x_hd.o(.text)
    CAN1_SCE_IRQHandler                      0x08000fc3   Thumb Code     0  startup_stm32f10x_hd.o(.text)
    DMA1_Channel1_IRQHandler                 0x08000fc3   Thumb Code     0  startup_stm32f10x_hd.o(.text)
    DMA1_Channel2_IRQHandler                 0x08000fc3   Thumb Code     0  startup_stm32f10x_hd.o(.text)
    DMA1_Channel3_IRQHandler                 0x08000fc3   Thumb Code     0  startup_stm32f10x_hd.o(.text)
    DMA1_Channel4_IRQHandler                 0x08000fc3   Thumb Code     0  startup_stm32f10x_hd.o(.text)
    DMA1_Channel5_IRQHandler                 0x08000fc3   Thumb Code     0  startup_stm32f10x_hd.o(.text)
    DMA1_Channel6_IRQHandler                 0x08000fc3   Thumb Code     0  startup_stm32f10x_hd.o(.text)
    DMA1_Channel7_IRQHandler                 0x08000fc3   Thumb Code     0  startup_stm32f10x_hd.o(.text)
    DMA2_Channel1_IRQHandler                 0x08000fc3   Thumb Code     0  startup_stm32f10x_hd.o(.text)
    DMA2_Channel2_IRQHandler                 0x08000fc3   Thumb Code     0  startup_stm32f10x_hd.o(.text)
    DMA2_Channel3_IRQHandler                 0x08000fc3   Thumb Code     0  startup_stm32f10x_hd.o(.text)
    DMA2_Channel4_5_IRQHandler               0x08000fc3   Thumb Code     0  startup_stm32f10x_hd.o(.text)
    EXTI0_IRQHandler                         0x08000fc3   Thumb Code     0  startup_stm32f10x_hd.o(.text)
    EXTI15_10_IRQHandler                     0x08000fc3   Thumb Code     0  startup_stm32f10x_hd.o(.text)
    EXTI1_IRQHandler                         0x08000fc3   Thumb Code     0  startup_stm32f10x_hd.o(.text)
    EXTI2_IRQHandler                         0x08000fc3   Thumb Code     0  startup_stm32f10x_hd.o(.text)
    EXTI3_IRQHandler                         0x08000fc3   Thumb Code     0  startup_stm32f10x_hd.o(.text)
    EXTI4_IRQHandler                         0x08000fc3   Thumb Code     0  startup_stm32f10x_hd.o(.text)
    EXTI9_5_IRQHandler                       0x08000fc3   Thumb Code     0  startup_stm32f10x_hd.o(.text)
    FLASH_IRQHandler                         0x08000fc3   Thumb Code     0  startup_stm32f10x_hd.o(.text)
    FSMC_IRQHandler                          0x08000fc3   Thumb Code     0  startup_stm32f10x_hd.o(.text)
    I2C1_ER_IRQHandler                       0x08000fc3   Thumb Code     0  startup_stm32f10x_hd.o(.text)
    I2C1_EV_IRQHandler                       0x08000fc3   Thumb Code     0  startup_stm32f10x_hd.o(.text)
    I2C2_ER_IRQHandler                       0x08000fc3   Thumb Code     0  startup_stm32f10x_hd.o(.text)
    I2C2_EV_IRQHandler                       0x08000fc3   Thumb Code     0  startup_stm32f10x_hd.o(.text)
    PVD_IRQHandler                           0x08000fc3   Thumb Code     0  startup_stm32f10x_hd.o(.text)
    RCC_IRQHandler                           0x08000fc3   Thumb Code     0  startup_stm32f10x_hd.o(.text)
    RTCAlarm_IRQHandler                      0x08000fc3   Thumb Code     0  startup_stm32f10x_hd.o(.text)
    RTC_IRQHandler                           0x08000fc3   Thumb Code     0  startup_stm32f10x_hd.o(.text)
    SDIO_IRQHandler                          0x08000fc3   Thumb Code     0  startup_stm32f10x_hd.o(.text)
    SPI1_IRQHandler                          0x08000fc3   Thumb Code     0  startup_stm32f10x_hd.o(.text)
    SPI2_IRQHandler                          0x08000fc3   Thumb Code     0  startup_stm32f10x_hd.o(.text)
    SPI3_IRQHandler                          0x08000fc3   Thumb Code     0  startup_stm32f10x_hd.o(.text)
    TAMPER_IRQHandler                        0x08000fc3   Thumb Code     0  startup_stm32f10x_hd.o(.text)
    TIM1_BRK_IRQHandler                      0x08000fc3   Thumb Code     0  startup_stm32f10x_hd.o(.text)
    TIM1_CC_IRQHandler                       0x08000fc3   Thumb Code     0  startup_stm32f10x_hd.o(.text)
    TIM1_TRG_COM_IRQHandler                  0x08000fc3   Thumb Code     0  startup_stm32f10x_hd.o(.text)
    TIM1_UP_IRQHandler                       0x08000fc3   Thumb Code     0  startup_stm32f10x_hd.o(.text)
    TIM2_IRQHandler                          0x08000fc3   Thumb Code     0  startup_stm32f10x_hd.o(.text)
    TIM3_IRQHandler                          0x08000fc3   Thumb Code     0  startup_stm32f10x_hd.o(.text)
    TIM4_IRQHandler                          0x08000fc3   Thumb Code     0  startup_stm32f10x_hd.o(.text)
    TIM5_IRQHandler                          0x08000fc3   Thumb Code     0  startup_stm32f10x_hd.o(.text)
    TIM6_IRQHandler                          0x08000fc3   Thumb Code     0  startup_stm32f10x_hd.o(.text)
    TIM7_IRQHandler                          0x08000fc3   Thumb Code     0  startup_stm32f10x_hd.o(.text)
    TIM8_BRK_IRQHandler                      0x08000fc3   Thumb Code     0  startup_stm32f10x_hd.o(.text)
    TIM8_CC_IRQHandler                       0x08000fc3   Thumb Code     0  startup_stm32f10x_hd.o(.text)
    TIM8_TRG_COM_IRQHandler                  0x08000fc3   Thumb Code     0  startup_stm32f10x_hd.o(.text)
    TIM8_UP_IRQHandler                       0x08000fc3   Thumb Code     0  startup_stm32f10x_hd.o(.text)
    UART4_IRQHandler                         0x08000fc3   Thumb Code     0  startup_stm32f10x_hd.o(.text)
    UART5_IRQHandler                         0x08000fc3   Thumb Code     0  startup_stm32f10x_hd.o(.text)
    USART2_IRQHandler                        0x08000fc3   Thumb Code     0  startup_stm32f10x_hd.o(.text)
    USBWakeUp_IRQHandler                     0x08000fc3   Thumb Code     0  startup_stm32f10x_hd.o(.text)
    USB_HP_CAN1_TX_IRQHandler                0x08000fc3   Thumb Code     0  startup_stm32f10x_hd.o(.text)
    USB_LP_CAN1_RX0_IRQHandler               0x08000fc3   Thumb Code     0  startup_stm32f10x_hd.o(.text)
    WWDG_IRQHandler                          0x08000fc3   Thumb Code     0  startup_stm32f10x_hd.o(.text)
    __user_initial_stackheap                 0x08000fc5   Thumb Code     0  startup_stm32f10x_hd.o(.text)
    NVIC_PriorityGroupConfig                 0x08000fe9   Thumb Code    10  misc.o(.text)
    NVIC_Init                                0x08000ff3   Thumb Code   102  misc.o(.text)
    NVIC_SetVectorTable                      0x08001059   Thumb Code    14  misc.o(.text)
    NVIC_SystemLPConfig                      0x08001067   Thumb Code    38  misc.o(.text)
    SysTick_CLKSourceConfig                  0x0800108d   Thumb Code    40  misc.o(.text)
    GPIO_DeInit                              0x080010c9   Thumb Code   172  stm32f10x_gpio.o(.text)
    GPIO_AFIODeInit                          0x08001175   Thumb Code    20  stm32f10x_gpio.o(.text)
    GPIO_Init                                0x08001189   Thumb Code   268  stm32f10x_gpio.o(.text)
    GPIO_StructInit                          0x08001295   Thumb Code    16  stm32f10x_gpio.o(.text)
    GPIO_ReadInputDataBit                    0x080012a5   Thumb Code    18  stm32f10x_gpio.o(.text)
    GPIO_ReadInputData                       0x080012b7   Thumb Code     8  stm32f10x_gpio.o(.text)
    GPIO_ReadOutputDataBit                   0x080012bf   Thumb Code    18  stm32f10x_gpio.o(.text)
    GPIO_ReadOutputData                      0x080012d1   Thumb Code     8  stm32f10x_gpio.o(.text)
    GPIO_SetBits                             0x080012d9   Thumb Code     4  stm32f10x_gpio.o(.text)
    GPIO_ResetBits                           0x080012dd   Thumb Code     4  stm32f10x_gpio.o(.text)
    GPIO_WriteBit                            0x080012e1   Thumb Code    10  stm32f10x_gpio.o(.text)
    GPIO_Write                               0x080012eb   Thumb Code     4  stm32f10x_gpio.o(.text)
    GPIO_PinLockConfig                       0x080012ef   Thumb Code    18  stm32f10x_gpio.o(.text)
    GPIO_EventOutputConfig                   0x08001301   Thumb Code    24  stm32f10x_gpio.o(.text)
    GPIO_EventOutputCmd                      0x08001319   Thumb Code     6  stm32f10x_gpio.o(.text)
    GPIO_PinRemapConfig                      0x0800131f   Thumb Code   136  stm32f10x_gpio.o(.text)
    GPIO_EXTILineConfig                      0x080013a7   Thumb Code    60  stm32f10x_gpio.o(.text)
    GPIO_ETH_MediaInterfaceConfig            0x080013e3   Thumb Code     8  stm32f10x_gpio.o(.text)
    RCC_DeInit                               0x08001411   Thumb Code    64  stm32f10x_rcc.o(.text)
    RCC_HSEConfig                            0x08001451   Thumb Code    70  stm32f10x_rcc.o(.text)
    RCC_GetFlagStatus                        0x08001497   Thumb Code    56  stm32f10x_rcc.o(.text)
    RCC_WaitForHSEStartUp                    0x080014cf   Thumb Code    48  stm32f10x_rcc.o(.text)
    RCC_AdjustHSICalibrationValue            0x080014ff   Thumb Code    18  stm32f10x_rcc.o(.text)
    RCC_HSICmd                               0x08001511   Thumb Code     6  stm32f10x_rcc.o(.text)
    RCC_PLLConfig                            0x08001517   Thumb Code    22  stm32f10x_rcc.o(.text)
    RCC_PLLCmd                               0x0800152d   Thumb Code     6  stm32f10x_rcc.o(.text)
    RCC_SYSCLKConfig                         0x08001533   Thumb Code    16  stm32f10x_rcc.o(.text)
    RCC_GetSYSCLKSource                      0x08001543   Thumb Code    10  stm32f10x_rcc.o(.text)
    RCC_HCLKConfig                           0x0800154d   Thumb Code    16  stm32f10x_rcc.o(.text)
    RCC_PCLK1Config                          0x0800155d   Thumb Code    16  stm32f10x_rcc.o(.text)
    RCC_PCLK2Config                          0x0800156d   Thumb Code    18  stm32f10x_rcc.o(.text)
    RCC_ITConfig                             0x0800157f   Thumb Code    30  stm32f10x_rcc.o(.text)
    RCC_USBCLKConfig                         0x0800159d   Thumb Code     8  stm32f10x_rcc.o(.text)
    RCC_ADCCLKConfig                         0x080015a5   Thumb Code    16  stm32f10x_rcc.o(.text)
    RCC_LSEConfig                            0x080015b5   Thumb Code    50  stm32f10x_rcc.o(.text)
    RCC_LSICmd                               0x080015e7   Thumb Code     6  stm32f10x_rcc.o(.text)
    RCC_RTCCLKConfig                         0x080015ed   Thumb Code    12  stm32f10x_rcc.o(.text)
    RCC_RTCCLKCmd                            0x080015f9   Thumb Code     8  stm32f10x_rcc.o(.text)
    RCC_GetClocksFreq                        0x08001601   Thumb Code   194  stm32f10x_rcc.o(.text)
    RCC_AHBPeriphClockCmd                    0x080016c3   Thumb Code    26  stm32f10x_rcc.o(.text)
    RCC_APB2PeriphClockCmd                   0x080016dd   Thumb Code    26  stm32f10x_rcc.o(.text)
    RCC_APB1PeriphClockCmd                   0x080016f7   Thumb Code    26  stm32f10x_rcc.o(.text)
    RCC_APB2PeriphResetCmd                   0x08001711   Thumb Code    26  stm32f10x_rcc.o(.text)
    RCC_APB1PeriphResetCmd                   0x0800172b   Thumb Code    26  stm32f10x_rcc.o(.text)
    RCC_BackupResetCmd                       0x08001745   Thumb Code     8  stm32f10x_rcc.o(.text)
    RCC_ClockSecuritySystemCmd               0x0800174d   Thumb Code     6  stm32f10x_rcc.o(.text)
    RCC_MCOConfig                            0x08001753   Thumb Code     6  stm32f10x_rcc.o(.text)
    RCC_ClearFlag                            0x08001759   Thumb Code    14  stm32f10x_rcc.o(.text)
    RCC_GetITStatus                          0x08001767   Thumb Code    20  stm32f10x_rcc.o(.text)
    RCC_ClearITPendingBit                    0x0800177b   Thumb Code     6  stm32f10x_rcc.o(.text)
    USART_DeInit                             0x080017a1   Thumb Code   134  stm32f10x_usart.o(.text)
    USART_Init                               0x08001827   Thumb Code   210  stm32f10x_usart.o(.text)
    USART_StructInit                         0x080018f9   Thumb Code    24  stm32f10x_usart.o(.text)
    USART_ClockInit                          0x08001911   Thumb Code    32  stm32f10x_usart.o(.text)
    USART_ClockStructInit                    0x08001931   Thumb Code    12  stm32f10x_usart.o(.text)
    USART_Cmd                                0x0800193d   Thumb Code    24  stm32f10x_usart.o(.text)
    USART_ITConfig                           0x08001955   Thumb Code    72  stm32f10x_usart.o(.text)
    USART_DMACmd                             0x0800199d   Thumb Code    24  stm32f10x_usart.o(.text)
    USART_SetAddress                         0x080019b5   Thumb Code    18  stm32f10x_usart.o(.text)
    USART_WakeUpConfig                       0x080019c7   Thumb Code    18  stm32f10x_usart.o(.text)
    USART_ReceiverWakeUpCmd                  0x080019d9   Thumb Code    24  stm32f10x_usart.o(.text)
    USART_LINBreakDetectLengthConfig         0x080019f1   Thumb Code    18  stm32f10x_usart.o(.text)
    USART_LINCmd                             0x08001a03   Thumb Code    24  stm32f10x_usart.o(.text)
    USART_SendData                           0x08001a1b   Thumb Code     8  stm32f10x_usart.o(.text)
    USART_ReceiveData                        0x08001a23   Thumb Code    10  stm32f10x_usart.o(.text)
    USART_SendBreak                          0x08001a2d   Thumb Code    10  stm32f10x_usart.o(.text)
    USART_SetGuardTime                       0x08001a37   Thumb Code    16  stm32f10x_usart.o(.text)
    USART_SetPrescaler                       0x08001a47   Thumb Code    16  stm32f10x_usart.o(.text)
    USART_SmartCardCmd                       0x08001a57   Thumb Code    24  stm32f10x_usart.o(.text)
    USART_SmartCardNACKCmd                   0x08001a6f   Thumb Code    24  stm32f10x_usart.o(.text)
    USART_HalfDuplexCmd                      0x08001a87   Thumb Code    24  stm32f10x_usart.o(.text)
    USART_OverSampling8Cmd                   0x08001a9f   Thumb Code    22  stm32f10x_usart.o(.text)
    USART_OneBitMethodCmd                    0x08001ab5   Thumb Code    24  stm32f10x_usart.o(.text)
    USART_IrDAConfig                         0x08001acd   Thumb Code    18  stm32f10x_usart.o(.text)
    USART_IrDACmd                            0x08001adf   Thumb Code    24  stm32f10x_usart.o(.text)
    USART_GetFlagStatus                      0x08001af7   Thumb Code    26  stm32f10x_usart.o(.text)
    USART_ClearFlag                          0x08001b11   Thumb Code    18  stm32f10x_usart.o(.text)
    USART_GetITStatus                        0x08001b23   Thumb Code    84  stm32f10x_usart.o(.text)
    USART_ClearITPendingBit                  0x08001b77   Thumb Code    50  stm32f10x_usart.o(.text)
    OS_TaskStatStkChk                        0x08001ba9   Thumb Code    54  os_core.o(.text)
    OS_TaskStat                              0x08001bdf   Thumb Code   118  os_core.o(.text)
    OS_TaskIdle                              0x08001c8d   Thumb Code    36  os_core.o(.text)
    OS_MemClr                                0x08001ce9   Thumb Code    18  os_core.o(.text)
    OSInit                                   0x08001e07   Thumb Code    44  os_core.o(.text)
    OSIntEnter                               0x08001e33   Thumb Code    28  os_core.o(.text)
    OSIntExit                                0x08001e69   Thumb Code   112  os_core.o(.text)
    OSSchedLock                              0x08001ed9   Thumb Code    50  os_core.o(.text)
    OS_Sched                                 0x08001f0b   Thumb Code    88  os_core.o(.text)
    OSSchedUnlock                            0x08001f63   Thumb Code   230  os_core.o(.text)
    OSStart                                  0x08002049   Thumb Code    48  os_core.o(.text)
    OSStatInit                               0x08002079   Thumb Code    62  os_core.o(.text)
    OSTimeTick                               0x080020b7   Thumb Code   208  os_core.o(.text)
    OSVersion                                0x08002187   Thumb Code     6  os_core.o(.text)
    OS_Dummy                                 0x0800218d   Thumb Code     2  os_core.o(.text)
    OS_EventTaskRemove                       0x0800218f   Thumb Code    48  os_core.o(.text)
    OS_EventTaskRdy                          0x080021bf   Thumb Code   130  os_core.o(.text)
    OS_EventTaskWait                         0x08002241   Thumb Code   120  os_core.o(.text)
    OS_EventWaitListInit                     0x080022b9   Thumb Code    26  os_core.o(.text)
    OS_MemCopy                               0x080022d3   Thumb Code    20  os_core.o(.text)
    OS_StrLen                                0x080022e7   Thumb Code    20  os_core.o(.text)
    OS_TCBInit                               0x080022fb   Thumb Code   414  os_core.o(.text)
    OSFlagAccept                             0x08002499   Thumb Code   278  os_flag.o(.text)
    OSFlagCreate                             0x080025af   Thumb Code    86  os_flag.o(.text)
    OS_FlagUnlink                            0x08002605   Thumb Code    34  os_flag.o(.text)
    OSFlagDel                                0x08002679   Thumb Code   208  os_flag.o(.text)
    OSFlagNameGet                            0x08002749   Thumb Code    80  os_flag.o(.text)
    OSFlagNameSet                            0x08002799   Thumb Code    64  os_flag.o(.text)
    OSFlagPend                               0x0800287f   Thumb Code   670  os_flag.o(.text)
    OSFlagPendGetFlagsRdy                    0x08002b1d   Thumb Code    26  os_flag.o(.text)
    OSFlagPost                               0x08002b37   Thumb Code   342  os_flag.o(.text)
    OSFlagQuery                              0x08002c8d   Thumb Code    48  os_flag.o(.text)
    OS_FlagInit                              0x08002cbd   Thumb Code    78  os_flag.o(.text)
    OSQAccept                                0x08002d19   Thumb Code    88  os_q.o(.text)
    OSQCreate                                0x08002d71   Thumb Code   140  os_q.o(.text)
    OSQDel                                   0x08002dfd   Thumb Code   232  os_q.o(.text)
    OSQFlush                                 0x08002ee5   Thumb Code    36  os_q.o(.text)
    OSQPend                                  0x08002f09   Thumb Code   290  os_q.o(.text)
    OSQPendAbort                             0x0800302b   Thumb Code   126  os_q.o(.text)
    OSQPost                                  0x080030a9   Thumb Code   114  os_q.o(.text)
    OSQPostFront                             0x0800311b   Thumb Code   136  os_q.o(.text)
    OSQPostOpt                               0x080031a3   Thumb Code   182  os_q.o(.text)
    OSQQuery                                 0x08003259   Thumb Code    98  os_q.o(.text)
    OS_QInit                                 0x080032bb   Thumb Code    72  os_q.o(.text)
    OSSemAccept                              0x0800330d   Thumb Code    42  os_sem.o(.text)
    OSSemCreate                              0x08003337   Thumb Code    68  os_sem.o(.text)
    OSSemDel                                 0x0800337b   Thumb Code   194  os_sem.o(.text)
    OSSemPend                                0x0800343d   Thumb Code   220  os_sem.o(.text)
    OSSemPendAbort                           0x08003519   Thumb Code   126  os_sem.o(.text)
    OSSemPost                                0x08003597   Thumb Code    88  os_sem.o(.text)
    OSSemQuery                               0x080035ef   Thumb Code    76  os_sem.o(.text)
    OSSemSet                                 0x0800363b   Thumb Code    64  os_sem.o(.text)
    OSTaskChangePrio                         0x0800368d   Thumb Code   344  os_task.o(.text)
    OSTaskCreate                             0x080037e5   Thumb Code   146  os_task.o(.text)
    OS_TaskStkClr                            0x08003877   Thumb Code    26  os_task.o(.text)
    OSTaskCreateExt                          0x08003891   Thumb Code   174  os_task.o(.text)
    OSTaskDel                                0x0800393f   Thumb Code   302  os_task.o(.text)
    OSTaskDelReq                             0x08003a6d   Thumb Code   148  os_task.o(.text)
    OSTaskNameGet                            0x08003b01   Thumb Code   114  os_task.o(.text)
    OSTaskNameSet                            0x08003b73   Thumb Code    96  os_task.o(.text)
    OSTaskResume                             0x08003bd3   Thumb Code   154  os_task.o(.text)
    OSTaskStkChk                             0x08003c6d   Thumb Code   134  os_task.o(.text)
    OSTaskSuspend                            0x08003cf3   Thumb Code   160  os_task.o(.text)
    OSTaskQuery                              0x08003d93   Thumb Code    82  os_task.o(.text)
    OSTaskRegGet                             0x08003de5   Thumb Code    60  os_task.o(.text)
    OSTaskRegSet                             0x08003e21   Thumb Code    62  os_task.o(.text)
    OS_TaskReturn                            0x08003e5f   Thumb Code    18  os_task.o(.text)
    OSTimeDly                                0x08003e89   Thumb Code   106  os_time.o(.text)
    OSTimeDlyHMSM                            0x08003ef3   Thumb Code    84  os_time.o(.text)
    OSTimeDlyResume                          0x08003f47   Thumb Code   168  os_time.o(.text)
    OSTimeGet                                0x08003fef   Thumb Code    24  os_time.o(.text)
    OSTimeSet                                0x08004007   Thumb Code    24  os_time.o(.text)
    OS_CPU_SR_Save                           0x0800403d   Thumb Code     0  os_cpu_a.o(.text)
    OS_CPU_SR_Restore                        0x08004045   Thumb Code     0  os_cpu_a.o(.text)
    OSStartHighRdy                           0x0800404b   Thumb Code     0  os_cpu_a.o(.text)
    OSCtxSw                                  0x0800406d   Thumb Code     0  os_cpu_a.o(.text)
    OSIntCtxSw                               0x0800407b   Thumb Code     0  os_cpu_a.o(.text)
    PendSV_Handler                           0x0800408b   Thumb Code     0  os_cpu_a.o(.text)
    OSInitHookBegin                          0x080040f1   Thumb Code     2  os_cpu_c.o(.text)
    OSInitHookEnd                            0x080040f3   Thumb Code     2  os_cpu_c.o(.text)
    OSTaskCreateHook                         0x080040f5   Thumb Code     2  os_cpu_c.o(.text)
    OSTaskDelHook                            0x080040f7   Thumb Code     2  os_cpu_c.o(.text)
    OSTaskIdleHook                           0x080040f9   Thumb Code     2  os_cpu_c.o(.text)
    OSTaskStatHook                           0x080040fb   Thumb Code     2  os_cpu_c.o(.text)
    OSTaskStkInit                            0x080040fd   Thumb Code   154  os_cpu_c.o(.text)
    OSTaskSwHook                             0x08004197   Thumb Code     2  os_cpu_c.o(.text)
    OSTCBInitHook                            0x08004199   Thumb Code     2  os_cpu_c.o(.text)
    OSTimeTickHook                           0x0800419b   Thumb Code     2  os_cpu_c.o(.text)
    OSTaskReturnHook                         0x0800419d   Thumb Code     2  os_cpu_c.o(.text)
    __use_no_semihosting                     0x0800419f   Thumb Code     2  use_no_semi_2.o(.text)
    __2printf                                0x080041a1   Thumb Code    24  noretval__2printf.o(.text)
    _printf_int_dec                          0x080041c1   Thumb Code    96  _printf_dec.o(.text)
    __printf                                 0x08004231   Thumb Code   288  __printf_wp.o(.text)
    __aeabi_memcpy                           0x08004351   Thumb Code     0  rt_memcpy_v6.o(.text)
    __rt_memcpy                              0x08004351   Thumb Code   140  rt_memcpy_v6.o(.text)
    _memcpy_lastbytes                        0x080043b9   Thumb Code     0  rt_memcpy_v6.o(.text)
    __use_two_region_memory                  0x080043dd   Thumb Code     2  heapauxi.o(.text)
    __rt_heap_escrow$2region                 0x080043df   Thumb Code     2  heapauxi.o(.text)
    __rt_heap_expand$2region                 0x080043e1   Thumb Code     2  heapauxi.o(.text)
    __I$use$semihosting                      0x080043e3   Thumb Code     0  use_no_semi.o(.text)
    __use_no_semihosting_swi                 0x080043e3   Thumb Code     2  use_no_semi.o(.text)
    _printf_int_common                       0x080043e5   Thumb Code   174  _printf_intcommon.o(.text)
    __lib_sel_fp_printf                      0x08004493   Thumb Code     2  _printf_fp_dec.o(.text)
    _printf_fp_dec_real                      0x0800467b   Thumb Code   608  _printf_fp_dec.o(.text)
    _printf_char_common                      0x080048e7   Thumb Code    34  _printf_char_common.o(.text)
    __aeabi_memcpy4                          0x0800490d   Thumb Code     0  rt_memcpy_w.o(.text)
    __aeabi_memcpy8                          0x0800490d   Thumb Code     0  rt_memcpy_w.o(.text)
    __rt_memcpy_w                            0x0800490d   Thumb Code   100  rt_memcpy_w.o(.text)
    _memcpy_lastbytes_aligned                0x08004955   Thumb Code     0  rt_memcpy_w.o(.text)
    __rt_udiv10                              0x08004971   Thumb Code    16  rtudiv10.o(.text)
    __rt_locale                              0x08004981   Thumb Code    12  rt_locale_intlibspace.o(.text)
    _ll_udiv10                               0x0800498d   Thumb Code   138  lludiv10.o(.text)
    _printf_fp_infnan                        0x08004a19   Thumb Code   108  _printf_fp_infnan.o(.text)
    _btod_etento                             0x08004a95   Thumb Code   202  bigflt0.o(.text)
    __user_libspace                          0x08004b65   Thumb Code     8  libspace.o(.text)
    __user_perproc_libspace                  0x08004b65   Thumb Code     0  libspace.o(.text)
    __user_perthread_libspace                0x08004b65   Thumb Code     0  libspace.o(.text)
    __user_setup_stackheap                   0x08004b6d   Thumb Code    74  sys_stackheap_outer.o(.text)
    exit                                     0x08004bb7   Thumb Code    12  exit.o(.text)
    strcmp                                   0x08004bc5   Thumb Code   128  strcmpv7m.o(.text)
    _btod_d2e                                0x08004c45   Thumb Code    62  btod.o(CL$$btod_d2e)
    _d2e_denorm_low                          0x08004c83   Thumb Code    70  btod.o(CL$$btod_d2e_denorm_low)
    _d2e_norm_op1                            0x08004cc9   Thumb Code    96  btod.o(CL$$btod_d2e_norm_op1)
    __btod_div_common                        0x08004d29   Thumb Code   696  btod.o(CL$$btod_div_common)
    _e2e                                     0x08005061   Thumb Code   198  btod.o(CL$$btod_e2e)
    _btod_ediv                               0x08005127   Thumb Code    40  btod.o(CL$$btod_ediv)
    _btod_emul                               0x0800514f   Thumb Code    40  btod.o(CL$$btod_emul)
    __btod_mult_common                       0x08005177   Thumb Code   580  btod.o(CL$$btod_mult_common)
    __ARM_fpclassify                         0x080053bb   Thumb Code    40  fpclassify.o(i.__ARM_fpclassify)
    _get_lc_numeric                          0x080053e5   Thumb Code    44  lc_numeric_c.o(locale$$code)
    __aeabi_dadd                             0x08005411   Thumb Code     0  daddsub_clz.o(x$fpl$dadd)
    _dadd                                    0x08005411   Thumb Code   424  daddsub_clz.o(x$fpl$dadd)
    __fpl_inf_dadd                           0x08005583   Thumb Code     0  daddsub_clz.o(x$fpl$dadd)
    __fpl_dcheck_NaN2                        0x080055c9   Thumb Code    10  dcheck.o(x$fpl$dcheck)
    __fpl_dcheck_NaN1                        0x080055d9   Thumb Code    10  dcheck1.o(x$fpl$dcheck1)
    __fpl_fcmp_InfNaN                        0x080055e9   Thumb Code    88  fcmpin.o(x$fpl$dcmpinfnan)
    __fpl_inf_fcmp                           0x080055fd   Thumb Code     0  fcmpin.o(x$fpl$dcmpinfnan)
    __aeabi_d2iz                             0x08005641   Thumb Code     0  dfix.o(x$fpl$dfix)
    _dfix                                    0x08005641   Thumb Code   150  dfix.o(x$fpl$dfix)
    __fpl_inf_dfix                           0x080056cd   Thumb Code     0  dfix.o(x$fpl$dfix)
    __aeabi_i2d                              0x080056dd   Thumb Code     0  dflt_clz.o(x$fpl$dflt)
    _dflt                                    0x080056dd   Thumb Code    44  dflt_clz.o(x$fpl$dflt)
    __dflt_normalise                         0x080056eb   Thumb Code     0  dflt_clz.o(x$fpl$dflt)
    __aeabi_dmul                             0x08005709   Thumb Code     0  dmul.o(x$fpl$dmul)
    _dmul                                    0x08005709   Thumb Code   440  dmul.o(x$fpl$dmul)
    __fpl_inf_dmul                           0x08005893   Thumb Code     0  dmul.o(x$fpl$dmul)
    __aeabi_dsub                             0x080058d1   Thumb Code     0  daddsub_clz.o(x$fpl$dsub)
    _dsub                                    0x080058d1   Thumb Code   572  daddsub_clz.o(x$fpl$dsub)
    __fpl_inf_dsub                           0x08005ad5   Thumb Code     0  daddsub_clz.o(x$fpl$dsub)
    __dunder                                 0x08005b19   Thumb Code   234  dunder.o(x$fpl$dunder)
    __dunder_d                               0x08005c03   Thumb Code     2  dunder.o(x$fpl$dunder)
    __aeabi_f2d                              0x08005c05   Thumb Code     0  f2d.o(x$fpl$f2d)
    _f2d                                     0x08005c05   Thumb Code    76  f2d.o(x$fpl$f2d)
    __fpl_inf_f2d                            0x08005c49   Thumb Code     0  f2d.o(x$fpl$f2d)
    __fpl_fcheck_NaN2                        0x08005c55   Thumb Code     6  fcheck.o(x$fpl$fcheck)
    __fpl_fcheck_NaN1                        0x08005c61   Thumb Code     6  fcheck1.o(x$fpl$fcheck1)
    __aeabi_fdiv                             0x08005c6d   Thumb Code     0  fdiv.o(x$fpl$fdiv)
    _fdiv                                    0x08005c6d   Thumb Code   476  fdiv.o(x$fpl$fdiv)
    __fpl_inf_fdiv                           0x08005e11   Thumb Code     0  fdiv.o(x$fpl$fdiv)
    __aeabi_cfcmpeq                          0x08005e51   Thumb Code     0  feqf.o(x$fpl$feqf)
    _fcmpeq                                  0x08005e51   Thumb Code    90  feqf.o(x$fpl$feqf)
    __aeabi_i2f                              0x08005eb1   Thumb Code     0  fflt_clz.o(x$fpl$fflt)
    _fflt                                    0x08005eb1   Thumb Code    50  fflt_clz.o(x$fpl$fflt)
    __fflt_normalise                         0x08005ebd   Thumb Code     0  fflt_clz.o(x$fpl$fflt)
    __aeabi_fmul                             0x08005ee5   Thumb Code     0  fmul.o(x$fpl$fmul)
    _fmul                                    0x08005ee5   Thumb Code   258  fmul.o(x$fpl$fmul)
    __fpl_inf_fmul                           0x08005fd1   Thumb Code     0  fmul.o(x$fpl$fmul)
    __fpl_normalise2                         0x08005fed   Thumb Code    74  fnorm2_clz.o(x$fpl$fnorm2)
    __funder                                 0x08006037   Thumb Code   132  funder.o(x$fpl$funder)
    __funder_d                               0x080060bb   Thumb Code     2  funder.o(x$fpl$funder)
    _printf_fp_dec                           0x080060bd   Thumb Code     4  printf1.o(x$fpl$printf1)
    __fpl_return_NaN                         0x080060c1   Thumb Code   100  retnan.o(x$fpl$retnan)
    __fpl_cmpreturn                          0x08006125   Thumb Code    48  trapv.o(x$fpl$trapveneer)
    OSUnMapTbl                               0x08006154   Data         256  os_core.o(.constdata)
    __I$use$fp                               0x08006155   Thumb Code     0  usenofp.o(x$fpl$usenofp)
    Region$$Table$$Base                      0x080062e8   Number         0  anon$$obj.o(Region$$Table)
    Region$$Table$$Limit                     0x08006308   Number         0  anon$$obj.o(Region$$Table)
    StackBytes                               0x20000000   Data           8  main.o(.data)
    flags_value                              0x20000008   Data           4  main.o(.data)
    sem_airpre                               0x2000000c   Data           4  main.o(.data)
    SystemCoreClock                          0x20000010   Data           4  system_stm32f10x.o(.data)
    AHBPrescTable                            0x20000014   Data          16  system_stm32f10x.o(.data)
    accSize                                  0x20000028   Data           4  usart.o(.data)
    USART_RX_STA                             0x20000034   Data           2  usart.o(.data)
    count                                    0x20000036   Data           1  usart.o(.data)
    USART_RX_STA3                            0x20000038   Data           2  usart.o(.data)
    sAcctemp                                 0x2000003c   Data           6  usart.o(.data)
    sGyrotemp                                0x20000042   Data           6  usart.o(.data)
    sAngletemp                               0x20000048   Data           6  usart.o(.data)
    __stdout                                 0x20000050   Data           4  usart.o(.data)
    OSCtxSwCtr                               0x20000068   Data           4  os_core.o(.data)
    OSEventFreeList                          0x2000006c   Data           4  os_core.o(.data)
    OSFlagFreeList                           0x20000070   Data           4  os_core.o(.data)
    OSCPUUsage                               0x20000074   Data           1  os_core.o(.data)
    OSIdleCtrMax                             0x20000078   Data           4  os_core.o(.data)
    OSIdleCtrRun                             0x2000007c   Data           4  os_core.o(.data)
    OSStatRdy                                0x20000080   Data           1  os_core.o(.data)
    OSIntNesting                             0x20000081   Data           1  os_core.o(.data)
    OSLockNesting                            0x20000082   Data           1  os_core.o(.data)
    OSPrioCur                                0x20000083   Data           1  os_core.o(.data)
    OSPrioHighRdy                            0x20000084   Data           1  os_core.o(.data)
    OSRdyGrp                                 0x20000085   Data           1  os_core.o(.data)
    OSRdyTbl                                 0x20000086   Data           8  os_core.o(.data)
    OSRunning                                0x2000008e   Data           1  os_core.o(.data)
    OSTaskCtr                                0x2000008f   Data           1  os_core.o(.data)
    OSIdleCtr                                0x20000090   Data           4  os_core.o(.data)
    OSTCBCur                                 0x20000094   Data           4  os_core.o(.data)
    OSTCBFreeList                            0x20000098   Data           4  os_core.o(.data)
    OSTCBHighRdy                             0x2000009c   Data           4  os_core.o(.data)
    OSTCBList                                0x200000a0   Data           4  os_core.o(.data)
    OSTickStepState                          0x200000a4   Data           1  os_core.o(.data)
    OSQFreeList                              0x200000a8   Data           4  os_core.o(.data)
    OSTime                                   0x200000ac   Data           4  os_core.o(.data)
    START_TASK_STK                           0x200000b0   Data         256  main.o(.bss)
    LED1_TASK_STK                            0x200001b0   Data         256  main.o(.bss)
    TEMPHUMI_TASK_STK                        0x200002b0   Data         256  main.o(.bss)
    AIRPRE_TASK_STK                          0x200003b0   Data         256  main.o(.bss)
    NOISE_TASK_STK                           0x200004b0   Data         256  main.o(.bss)
    PRINT_TASK_STK                           0x200005b0   Data        2048  main.o(.bss)
    GPRSDELAY_TASK_STK                       0x20000db0   Data         256  main.o(.bss)
    now                                      0x20000eb0   Data          14  tools.o(.bss)
    stcAcc                                   0x20000fb8   Data         300  usart.o(.bss)
    stcGyro                                  0x200010e4   Data         300  usart.o(.bss)
    stcAngle                                 0x20001210   Data         300  usart.o(.bss)
    USART_RX_BUF                             0x2000133c   Data         200  usart.o(.bss)
    rec                                      0x20001404   Data          11  usart.o(.bss)
    USART_RX_BUF3                            0x2000140f   Data         200  usart.o(.bss)
    OSEventTbl                               0x200014d8   Data         200  os_core.o(.bss)
    OSFlagTbl                                0x200015a0   Data          80  os_core.o(.bss)
    OSTaskStatStk                            0x200015f0   Data         512  os_core.o(.bss)
    OSTaskIdleStk                            0x200017f0   Data         512  os_core.o(.bss)
    OSTCBPrioTbl                             0x200019f0   Data         256  os_core.o(.bss)
    OSTCBTbl                                 0x20001af0   Data        1008  os_core.o(.bss)
    OSQTbl                                   0x20001ee0   Data         120  os_core.o(.bss)
    __libspace_start                         0x20001f58   Data          96  libspace.o(.bss)
    __temporary_stack_top$libspace           0x20001fb8   Data           0  libspace.o(.bss)



==============================================================================

Memory Map of the image

  Image Entry point : 0x08000131

  Load Region LR_IROM1 (Base: 0x08000000, Size: 0x000063d4, Max: 0x00080000, ABSOLUTE)

    Execution Region ER_IROM1 (Base: 0x08000000, Size: 0x00006324, Max: 0x00080000, ABSOLUTE)

    Base Addr    Size         Type   Attr      Idx    E Section Name        Object

    0x08000000   0x00000130   Data   RO          257    RESET               startup_stm32f10x_hd.o
    0x08000130   0x00000008   Code   RO          514  * !!!main             __main.o(c_w.l)
    0x08000138   0x00000034   Code   RO          782    !!!scatter          __scatter.o(c_w.l)
    0x0800016c   0x0000001a   Code   RO          784    !!handler_copy      __scatter_copy.o(c_w.l)
    0x08000186   0x00000002   PAD
    0x08000188   0x0000001c   Code   RO          786    !!handler_zi        __scatter_zi.o(c_w.l)
    0x080001a4   0x00000000   Code   RO          509    .ARM.Collect$$_printf_percent$$00000000  _printf_percent.o(c_w.l)
    0x080001a4   0x00000006   Code   RO          508    .ARM.Collect$$_printf_percent$$00000003  _printf_f.o(c_w.l)
    0x080001aa   0x00000006   Code   RO          507    .ARM.Collect$$_printf_percent$$00000009  _printf_d.o(c_w.l)
    0x080001b0   0x00000004   Code   RO          554    .ARM.Collect$$_printf_percent$$00000017  _printf_percent_end.o(c_w.l)
    0x080001b4   0x00000006   Code   RO          664    .ARM.Collect$$libinit$$00000000  libinit.o(c_w.l)
    0x080001ba   0x00000000   Code   RO          667    .ARM.Collect$$libinit$$00000006  libinit2.o(c_w.l)
    0x080001ba   0x00000000   Code   RO          669    .ARM.Collect$$libinit$$00000008  libinit2.o(c_w.l)
    0x080001ba   0x00000000   Code   RO          671    .ARM.Collect$$libinit$$0000000A  libinit2.o(c_w.l)
    0x080001ba   0x00000006   Code   RO          672    .ARM.Collect$$libinit$$0000000B  libinit2.o(c_w.l)
    0x080001c0   0x00000000   Code   RO          674    .ARM.Collect$$libinit$$0000000D  libinit2.o(c_w.l)
    0x080001c0   0x00000000   Code   RO          676    .ARM.Collect$$libinit$$0000000F  libinit2.o(c_w.l)
    0x080001c0   0x00000000   Code   RO          678    .ARM.Collect$$libinit$$00000011  libinit2.o(c_w.l)
    0x080001c0   0x0000000a   Code   RO          679    .ARM.Collect$$libinit$$00000012  libinit2.o(c_w.l)
    0x080001ca   0x00000000   Code   RO          680    .ARM.Collect$$libinit$$00000013  libinit2.o(c_w.l)
    0x080001ca   0x00000000   Code   RO          682    .ARM.Collect$$libinit$$00000015  libinit2.o(c_w.l)
    0x080001ca   0x00000000   Code   RO          684    .ARM.Collect$$libinit$$00000017  libinit2.o(c_w.l)
    0x080001ca   0x00000000   Code   RO          686    .ARM.Collect$$libinit$$00000019  libinit2.o(c_w.l)
    0x080001ca   0x00000000   Code   RO          688    .ARM.Collect$$libinit$$0000001B  libinit2.o(c_w.l)
    0x080001ca   0x00000000   Code   RO          690    .ARM.Collect$$libinit$$0000001D  libinit2.o(c_w.l)
    0x080001ca   0x00000000   Code   RO          692    .ARM.Collect$$libinit$$0000001F  libinit2.o(c_w.l)
    0x080001ca   0x00000000   Code   RO          694    .ARM.Collect$$libinit$$00000021  libinit2.o(c_w.l)
    0x080001ca   0x00000000   Code   RO          698    .ARM.Collect$$libinit$$00000028  libinit2.o(c_w.l)
    0x080001ca   0x00000000   Code   RO          700    .ARM.Collect$$libinit$$0000002A  libinit2.o(c_w.l)
    0x080001ca   0x00000000   Code   RO          702    .ARM.Collect$$libinit$$0000002C  libinit2.o(c_w.l)
    0x080001ca   0x00000000   Code   RO          704    .ARM.Collect$$libinit$$0000002E  libinit2.o(c_w.l)
    0x080001ca   0x00000002   Code   RO          705    .ARM.Collect$$libinit$$0000002F  libinit2.o(c_w.l)
    0x080001cc   0x00000002   Code   RO          734    .ARM.Collect$$libshutdown$$00000000  libshutdown.o(c_w.l)
    0x080001ce   0x00000000   Code   RO          743    .ARM.Collect$$libshutdown$$00000003  libshutdown2.o(c_w.l)
    0x080001ce   0x00000000   Code   RO          746    .ARM.Collect$$libshutdown$$00000006  libshutdown2.o(c_w.l)
    0x080001ce   0x00000000   Code   RO          749    .ARM.Collect$$libshutdown$$00000009  libshutdown2.o(c_w.l)
    0x080001ce   0x00000000   Code   RO          751    .ARM.Collect$$libshutdown$$0000000B  libshutdown2.o(c_w.l)
    0x080001ce   0x00000000   Code   RO          754    .ARM.Collect$$libshutdown$$0000000E  libshutdown2.o(c_w.l)
    0x080001ce   0x00000002   Code   RO          755    .ARM.Collect$$libshutdown$$0000000F  libshutdown2.o(c_w.l)
    0x080001d0   0x00000000   Code   RO          546    .ARM.Collect$$rtentry$$00000000  rtentry.o(c_w.l)
    0x080001d0   0x00000000   Code   RO          585    .ARM.Collect$$rtentry$$00000002  rtentry2.o(c_w.l)
    0x080001d0   0x00000006   Code   RO          600    .ARM.Collect$$rtentry$$00000004  rtentry4.o(c_w.l)
    0x080001d6   0x00000000   Code   RO          587    .ARM.Collect$$rtentry$$00000009  rtentry2.o(c_w.l)
    0x080001d6   0x00000004   Code   RO          588    .ARM.Collect$$rtentry$$0000000A  rtentry2.o(c_w.l)
    0x080001da   0x00000000   Code   RO          590    .ARM.Collect$$rtentry$$0000000C  rtentry2.o(c_w.l)
    0x080001da   0x00000008   Code   RO          591    .ARM.Collect$$rtentry$$0000000D  rtentry2.o(c_w.l)
    0x080001e2   0x00000000   Code   RO          706    .ARM.Collect$$rtexit$$00000000  rtexit.o(c_w.l)
    0x080001e2   0x00000000   Code   RO          713    .ARM.Collect$$rtexit$$00000002  rtexit2.o(c_w.l)
    0x080001e2   0x00000004   Code   RO          714    .ARM.Collect$$rtexit$$00000003  rtexit2.o(c_w.l)
    0x080001e6   0x00000004   Code   RO          715    .ARM.Collect$$rtexit$$00000004  rtexit2.o(c_w.l)
    0x080001ea   0x00000002   PAD
    0x080001ec   0x000004a4   Code   RO            1    .text               main.o
    0x08000690   0x000001c8   Code   RO          102    .text               system_stm32f10x.o
    0x08000858   0x00000016   Code   RO          133    .text               stm32f10x_it.o
    0x0800086e   0x00000002   PAD
    0x08000870   0x000000e8   Code   RO          152    .text               tools.o
    0x08000958   0x0000004c   Code   RO          170    .text               led.o
    0x080009a4   0x000001b4   Code   RO          182    .text               dht11.o
    0x08000b58   0x000000f8   Code   RO          194    .text               delay.o
    0x08000c50   0x0000000c   Code   RO          208    .text               sys.o
    0x08000c5c   0x0000034c   Code   RO          220    .text               usart.o
    0x08000fa8   0x00000040   Code   RO          258    .text               startup_stm32f10x_hd.o
    0x08000fe8   0x000000e0   Code   RO          262    .text               misc.o
    0x080010c8   0x00000348   Code   RO          289    .text               stm32f10x_gpio.o
    0x08001410   0x00000390   Code   RO          301    .text               stm32f10x_rcc.o
    0x080017a0   0x00000408   Code   RO          315    .text               stm32f10x_usart.o
    0x08001ba8   0x000008f0   Code   RO          327    .text               os_core.o
    0x08002498   0x00000880   Code   RO          347    .text               os_flag.o
    0x08002d18   0x000005f4   Code   RO          389    .text               os_q.o
    0x0800330c   0x00000380   Code   RO          401    .text               os_sem.o
    0x0800368c   0x000007fc   Code   RO          413    .text               os_task.o
    0x08003e88   0x000001b4   Code   RO          425    .text               os_time.o
    0x0800403c   0x000000b4   Code   RO          443    .text               os_cpu_a.o
    0x080040f0   0x000000ae   Code   RO          446    .text               os_cpu_c.o
    0x0800419e   0x00000002   Code   RO          479    .text               use_no_semi_2.o(c_w.l)
    0x080041a0   0x00000020   Code   RO          483    .text               noretval__2printf.o(c_w.l)
    0x080041c0   0x00000070   Code   RO          487    .text               _printf_dec.o(c_w.l)
    0x08004230   0x00000120   Code   RO          497    .text               __printf_wp.o(c_w.l)
    0x08004350   0x0000008c   Code   RO          510    .text               rt_memcpy_v6.o(c_w.l)
    0x080043dc   0x00000006   Code   RO          512    .text               heapauxi.o(c_w.l)
    0x080043e2   0x00000002   Code   RO          544    .text               use_no_semi.o(c_w.l)
    0x080043e4   0x000000ae   Code   RO          548    .text               _printf_intcommon.o(c_w.l)
    0x08004492   0x00000448   Code   RO          550    .text               _printf_fp_dec.o(c_w.l)
    0x080048da   0x00000002   PAD
    0x080048dc   0x00000030   Code   RO          552    .text               _printf_char_common.o(c_w.l)
    0x0800490c   0x00000064   Code   RO          559    .text               rt_memcpy_w.o(c_w.l)
    0x08004970   0x00000010   Code   RO          561    .text               rtudiv10.o(c_w.l)
    0x08004980   0x0000000c   Code   RO          605    .text               rt_locale_intlibspace.o(c_w.l)
    0x0800498c   0x0000008a   Code   RO          607    .text               lludiv10.o(c_w.l)
    0x08004a16   0x00000002   PAD
    0x08004a18   0x0000007c   Code   RO          609    .text               _printf_fp_infnan.o(c_w.l)
    0x08004a94   0x000000d0   Code   RO          613    .text               bigflt0.o(c_w.l)
    0x08004b64   0x00000008   Code   RO          649    .text               libspace.o(c_w.l)
    0x08004b6c   0x0000004a   Code   RO          652    .text               sys_stackheap_outer.o(c_w.l)
    0x08004bb6   0x0000000c   Code   RO          654    .text               exit.o(c_w.l)
    0x08004bc2   0x00000002   PAD
    0x08004bc4   0x00000080   Code   RO          656    .text               strcmpv7m.o(c_w.l)
    0x08004c44   0x0000003e   Code   RO          616    CL$$btod_d2e        btod.o(c_w.l)
    0x08004c82   0x00000046   Code   RO          618    CL$$btod_d2e_denorm_low  btod.o(c_w.l)
    0x08004cc8   0x00000060   Code   RO          617    CL$$btod_d2e_norm_op1  btod.o(c_w.l)
    0x08004d28   0x00000338   Code   RO          626    CL$$btod_div_common  btod.o(c_w.l)
    0x08005060   0x000000c6   Code   RO          623    CL$$btod_e2e        btod.o(c_w.l)
    0x08005126   0x00000028   Code   RO          620    CL$$btod_ediv       btod.o(c_w.l)
    0x0800514e   0x00000028   Code   RO          619    CL$$btod_emul       btod.o(c_w.l)
    0x08005176   0x00000244   Code   RO          625    CL$$btod_mult_common  btod.o(c_w.l)
    0x080053ba   0x00000028   Code   RO          647    i.__ARM_fpclassify  fpclassify.o(m_ws.l)
    0x080053e2   0x00000002   PAD
    0x080053e4   0x0000002c   Code   RO          639    locale$$code        lc_numeric_c.o(c_w.l)
    0x08005410   0x000001b8   Code   RO          516    x$fpl$dadd          daddsub_clz.o(fz_ws.l)
    0x080055c8   0x00000010   Code   RO          563    x$fpl$dcheck        dcheck.o(fz_ws.l)
    0x080055d8   0x00000010   Code   RO          565    x$fpl$dcheck1       dcheck1.o(fz_ws.l)
    0x080055e8   0x00000058   Code   RO          577    x$fpl$dcmpinfnan    fcmpin.o(fz_ws.l)
    0x08005640   0x0000009c   Code   RO          522    x$fpl$dfix          dfix.o(fz_ws.l)
    0x080056dc   0x0000002c   Code   RO          568    x$fpl$dflt          dflt_clz.o(fz_ws.l)
    0x08005708   0x000001c8   Code   RO          526    x$fpl$dmul          dmul.o(fz_ws.l)
    0x080058d0   0x00000248   Code   RO          518    x$fpl$dsub          daddsub_clz.o(fz_ws.l)
    0x08005b18   0x000000ec   Code   RO          571    x$fpl$dunder        dunder.o(fz_ws.l)
    0x08005c04   0x00000050   Code   RO          528    x$fpl$f2d           f2d.o(fz_ws.l)
    0x08005c54   0x0000000c   Code   RO          573    x$fpl$fcheck        fcheck.o(fz_ws.l)
    0x08005c60   0x0000000c   Code   RO          575    x$fpl$fcheck1       fcheck1.o(fz_ws.l)
    0x08005c6c   0x000001e4   Code   RO          531    x$fpl$fdiv          fdiv.o(fz_ws.l)
    0x08005e50   0x00000060   Code   RO          534    x$fpl$feqf          feqf.o(fz_ws.l)
    0x08005eb0   0x00000032   Code   RO          537    x$fpl$fflt          fflt_clz.o(fz_ws.l)
    0x08005ee2   0x00000002   PAD
    0x08005ee4   0x00000108   Code   RO          540    x$fpl$fmul          fmul.o(fz_ws.l)
    0x08005fec   0x0000004a   Code   RO          579    x$fpl$fnorm2        fnorm2_clz.o(fz_ws.l)
    0x08006036   0x00000086   Code   RO          581    x$fpl$funder        funder.o(fz_ws.l)
    0x080060bc   0x00000004   Code   RO          542    x$fpl$printf1       printf1.o(fz_ws.l)
    0x080060c0   0x00000064   Code   RO          643    x$fpl$retnan        retnan.o(fz_ws.l)
    0x08006124   0x00000030   Code   RO          645    x$fpl$trapveneer    trapv.o(fz_ws.l)
    0x08006154   0x00000000   Code   RO          583    x$fpl$usenofp       usenofp.o(fz_ws.l)
    0x08006154   0x00000100   Data   RO          329    .constdata          os_core.o
    0x08006254   0x00000094   Data   RO          614    .constdata          bigflt0.o(c_w.l)
    0x080062e8   0x00000020   Data   RO          780    Region$$Table       anon$$obj.o
    0x08006308   0x0000001c   Data   RO          638    locale$$data        lc_numeric_c.o(c_w.l)


    Execution Region RW_IRAM1 (Base: 0x20000000, Size: 0x000025b8, Max: 0x00010000, ABSOLUTE)

    Base Addr    Size         Type   Attr      Idx    E Section Name        Object

    0x20000000   0x00000010   Data   RW            3    .data               main.o
    0x20000010   0x00000014   Data   RW          103    .data               system_stm32f10x.o
    0x20000024   0x00000004   Data   RW          195    .data               delay.o
    0x20000028   0x0000002c   Data   RW          222    .data               usart.o
    0x20000054   0x00000014   Data   RW          302    .data               stm32f10x_rcc.o
    0x20000068   0x00000048   Data   RW          330    .data               os_core.o
    0x200000b0   0x00000e00   Zero   RW            2    .bss                main.o
    0x20000eb0   0x0000000e   Zero   RW          153    .bss                tools.o
    0x20000ebe   0x00000619   Zero   RW          221    .bss                usart.o
    0x200014d7   0x00000001   PAD
    0x200014d8   0x00000a80   Zero   RW          328    .bss                os_core.o
    0x20001f58   0x00000060   Zero   RW          650    .bss                libspace.o(c_w.l)
    0x20001fb8   0x00000200   Zero   RW          256    HEAP                startup_stm32f10x_hd.o
    0x200021b8   0x00000400   Zero   RW          255    STACK               startup_stm32f10x_hd.o


==============================================================================

Image component sizes


      Code (inc. data)   RO Data    RW Data    ZI Data      Debug   Object Name

         0          0          0          0          0         20   core_cm3.o
       248         18          0          4          0       1347   delay.o
       436         18          0          0          0       2062   dht11.o
        76          8          0          0          0        519   led.o
      1188        300          0         16       3584     246182   main.o
       224         20          0          0          0       1845   misc.o
      2288        210        256         72       2688      15095   os_core.o
       180         36          0          0          0        336   os_cpu_a.o
       174          0          0          0          0      10494   os_cpu_c.o
      2176         42          0          0          0       6696   os_flag.o
      1524         30          0          0          0       5385   os_q.o
       896         18          0          0          0       3798   os_sem.o
      2044         70          0          0          0       7165   os_task.o
       436         30          0          0          0       1810   os_time.o
        64         26        304          0       1536        528   startup_stm32f10x_hd.o
       840         38          0          0          0       5729   stm32f10x_gpio.o
        22          0          0          0          0       1023   stm32f10x_it.o
       912         32          0         20          0       8884   stm32f10x_rcc.o
      1032         20          0          0          0       8484   stm32f10x_usart.o
        12          0          0          0          0        477   sys.o
       456         36          0         20          0       1815   system_stm32f10x.o
       232          6          0          0         14       1358   tools.o
       844         60          0         44       1561       5177   usart.o

    ----------------------------------------------------------------------
     16306       1018        592        176       9384     336229   Object Totals
         0          0         32          0          0          0   (incl. Generated)
         2          0          0          0          1          3   (incl. Padding)

    ----------------------------------------------------------------------

      Code (inc. data)   RO Data    RW Data    ZI Data      Debug   Library Member Name

         8          0          0          0          0         68   __main.o
       288          0          0          0          0         88   __printf_wp.o
        52          8          0          0          0          0   __scatter.o
        26          0          0          0          0          0   __scatter_copy.o
        28          0          0          0          0          0   __scatter_zi.o
        48          4          0          0          0         96   _printf_char_common.o
         6          0          0          0          0          0   _printf_d.o
       112         16          0          0          0         92   _printf_dec.o
         6          0          0          0          0          0   _printf_f.o
      1096          0          0          0          0        204   _printf_fp_dec.o
       124         16          0          0          0         84   _printf_fp_infnan.o
       174          0          0          0          0         88   _printf_intcommon.o
         0          0          0          0          0          0   _printf_percent.o
         4          0          0          0          0          0   _printf_percent_end.o
       208          6        148          0          0         92   bigflt0.o
      1910        128          0          0          0        660   btod.o
      1024         28          0          0          0        244   daddsub_clz.o
        16          6          0          0          0         68   dcheck.o
        16          6          0          0          0         68   dcheck1.o
       156          6          0          0          0         76   dfix.o
        44          0          0          0          0         68   dflt_clz.o
       456         16          0          0          0        100   dmul.o
       236          0          0          0          0         92   dunder.o
        12          0          0          0          0         68   exit.o
        80          4          0          0          0         68   f2d.o
        12          6          0          0          0         68   fcheck.o
        12          6          0          0          0         68   fcheck1.o
        88          0          0          0          0         68   fcmpin.o
       484         76          0          0          0         76   fdiv.o
        96          6          0          0          0         68   feqf.o
        50          0          0          0          0         68   fflt_clz.o
       264          6          0          0          0         68   fmul.o
        74          0          0          0          0         84   fnorm2_clz.o
        40          0          0          0          0         68   fpclassify.o
       134          0          0          0          0         84   funder.o
         6          0          0          0          0        148   heapauxi.o
        44         10         28          0          0         76   lc_numeric_c.o
         6          0          0          0          0          0   libinit.o
        18          0          0          0          0          0   libinit2.o
         2          0          0          0          0          0   libshutdown.o
         2          0          0          0          0          0   libshutdown2.o
         8          4          0          0         96         68   libspace.o
       138          0          0          0          0         76   lludiv10.o
        32          8          0          0          0         80   noretval__2printf.o
         4          0          0          0          0         68   printf1.o
       100          0          0          0          0         68   retnan.o
        12          6          0          0          0         68   rt_locale_intlibspace.o
       140          0          0          0          0         68   rt_memcpy_v6.o
       100          0          0          0          0         80   rt_memcpy_w.o
         0          0          0          0          0          0   rtentry.o
        12          0          0          0          0          0   rtentry2.o
         6          0          0          0          0          0   rtentry4.o
         0          0          0          0          0          0   rtexit.o
         8          0          0          0          0          0   rtexit2.o
        16          0          0          0          0         68   rtudiv10.o
       128          2          0          0          0         68   strcmpv7m.o
        74          0          0          0          0         80   sys_stackheap_outer.o
        48          0          0          0          0         68   trapv.o
         2          0          0          0          0         68   use_no_semi.o
         2          0          0          0          0         68   use_no_semi_2.o
         0          0          0          0          0          0   usenofp.o

    ----------------------------------------------------------------------
      8306        374        176          0         96       4264   Library Totals
        14          0          0          0          0          0   (incl. Padding)

    ----------------------------------------------------------------------

      Code (inc. data)   RO Data    RW Data    ZI Data      Debug   Library Name

      4858        208        176          0         96       2556   c_w.l
      3394        166          0          0          0       1640   fz_ws.l
        40          0          0          0          0         68   m_ws.l

    ----------------------------------------------------------------------
      8306        374        176          0         96       4264   Library Totals

    ----------------------------------------------------------------------

==============================================================================


      Code (inc. data)   RO Data    RW Data    ZI Data      Debug   

     24612       1392        768        176       9480     336296   Grand Totals
     24612       1392        768        176       9480     336296   ELF Image Totals
     24612       1392        768        176          0          0   ROM Totals

==============================================================================

    Total RO  Size (Code + RO Data)                25380 (  24.79kB)
    Total RW  Size (RW Data + ZI Data)              9656 (   9.43kB)
    Total ROM Size (Code + RO Data + RW Data)      25556 (  24.96kB)

==============================================================================

